Archive member included to satisfy reference by file (symbol)

C:\Users\zhong\AppData\Local\Temp\arduino_build_599293/core\core.a(startup_stm32XXXXxe.S.o)
                              (Reset_Handler)
C:\Users\zhong\AppData\Local\Temp\arduino_build_599293/core\core.a(hooks.c.o)
                              C:\Users\zhong\AppData\Local\Temp\arduino_build_599293\sketch\HardwareTimerLLInterrupt.ino.cpp.o (yield)
C:\Users\zhong\AppData\Local\Temp\arduino_build_599293/core\core.a(syscalls.c.o)
                              (_sbrk)
C:\Users\zhong\AppData\Local\Temp\arduino_build_599293/core\core.a(stm32XXxx_hal.c.o)
                              C:\Users\zhong\AppData\Local\Temp\arduino_build_599293\sketch\HardwareTimerLLInterrupt.ino.cpp.o (HAL_GetTick)
C:\Users\zhong\AppData\Local\Temp\arduino_build_599293/core\core.a(stm32XXxx_hal_ex.c.o)
                              C:\Users\zhong\AppData\Local\Temp\arduino_build_599293/core\core.a(stm32XXxx_hal.c.o) (HAL_ADCEx_InjectedConvCpltCallback)
C:\Users\zhong\AppData\Local\Temp\arduino_build_599293/core\core.a(system_stm32XXxx.c.o)
                              C:\Users\zhong\AppData\Local\Temp\arduino_build_599293/core\core.a(startup_stm32XXXXxe.S.o) (SystemInit)
C:\Users\zhong\AppData\Local\Temp\arduino_build_599293/core\core.a(Print.cpp.o)
                              C:\Users\zhong\AppData\Local\Temp\arduino_build_599293\sketch\HardwareTimerLLInterrupt.ino.cpp.o (Print::print(char const*))
C:\Users\zhong\AppData\Local\Temp\arduino_build_599293/core\core.a(abi.cpp.o)
                              C:\Users\zhong\AppData\Local\Temp\arduino_build_599293/core\core.a(Print.cpp.o) (__cxa_pure_virtual)
C:\Users\zhong\AppData\Local\Temp\arduino_build_599293/core\core.a(main.cpp.o)
                              c:/users/zhong/appdata/local/arduino15/packages/arduino/tools/arm-none-eabi-gcc/5.4-2016q2/bin/../lib/gcc/arm-none-eabi/5.4.1/../../../../arm-none-eabi/lib/armv7-m/crt0.o (main)
C:\Users\zhong\AppData\Local\Temp\arduino_build_599293/core\core.a(new.cpp.o)
                              C:\Users\zhong\AppData\Local\Temp\arduino_build_599293\libraries\HardwareTimerLL\hardwareTimerLL.cpp.o (operator new(unsigned int))
C:\Users\zhong\AppData\Local\Temp\arduino_build_599293/core\core.a(HardwareSerial.cpp.o)
                              C:\Users\zhong\AppData\Local\Temp\arduino_build_599293\sketch\HardwareTimerLLInterrupt.ino.cpp.o (HardwareSerial::begin(unsigned long, unsigned char))
C:\Users\zhong\AppData\Local\Temp\arduino_build_599293/core\core.a(STM32System.cpp.o)
                              C:\Users\zhong\AppData\Local\Temp\arduino_build_599293/core\core.a(Print.cpp.o) (stm32SetPrintOutput)
C:\Users\zhong\AppData\Local\Temp\arduino_build_599293/core\core.a(stm32_gpio.cpp.o)
                              C:\Users\zhong\AppData\Local\Temp\arduino_build_599293\sketch\HardwareTimerLLInterrupt.ino.cpp.o (pinMode)
C:\Users\zhong\AppData\Local\Temp\arduino_build_599293/core\core.a(stm32_PWM.c.o)
                              C:\Users\zhong\AppData\Local\Temp\arduino_build_599293/core\core.a(stm32_gpio.cpp.o) (stm32_pwm_disable_callback)
C:\Users\zhong\AppData\Local\Temp\arduino_build_599293/core\core.a(stm32_gpio_af.c.o)
                              C:\Users\zhong\AppData\Local\Temp\arduino_build_599293/core\core.a(HardwareSerial.cpp.o) (stm32AfUARTInit)
C:\Users\zhong\AppData\Local\Temp\arduino_build_599293/core\core.a(stm32_gpio_af_F1.c.o)
                              C:\Users\zhong\AppData\Local\Temp\arduino_build_599293/core\core.a(stm32_gpio_af.c.o) (stm32AfInitSpeed)
C:\Users\zhong\AppData\Local\Temp\arduino_build_599293/core\core.a(stm32_init.c.o)
                              C:\Users\zhong\AppData\Local\Temp\arduino_build_599293/core\core.a(main.cpp.o) (init)
C:\Users\zhong\AppData\Local\Temp\arduino_build_599293/core\core.a(stm32_pin_list.c.o)
                              C:\Users\zhong\AppData\Local\Temp\arduino_build_599293/core\core.a(HardwareSerial.cpp.o) (variant_pin_list)
c:/users/zhong/appdata/local/arduino15/packages/arduino/tools/arm-none-eabi-gcc/5.4-2016q2/bin/../lib/gcc/arm-none-eabi/5.4.1/../../../../arm-none-eabi/lib/armv7-m\libc_nano.a(lib_a-exit.o)
                              c:/users/zhong/appdata/local/arduino15/packages/arduino/tools/arm-none-eabi-gcc/5.4-2016q2/bin/../lib/gcc/arm-none-eabi/5.4.1/../../../../arm-none-eabi/lib/armv7-m/crt0.o (exit)
c:/users/zhong/appdata/local/arduino15/packages/arduino/tools/arm-none-eabi-gcc/5.4-2016q2/bin/../lib/gcc/arm-none-eabi/5.4.1/../../../../arm-none-eabi/lib/armv7-m\libc_nano.a(lib_a-impure.o)
                              c:/users/zhong/appdata/local/arduino15/packages/arduino/tools/arm-none-eabi-gcc/5.4-2016q2/bin/../lib/gcc/arm-none-eabi/5.4.1/../../../../arm-none-eabi/lib/armv7-m\libc_nano.a(lib_a-exit.o) (_global_impure_ptr)
[...]
Memory Configuration

Name             Origin             Length             Attributes
FLASH            0x08000000         0x00020000         xr
RAM              0x20000000         0x00005000         xrw
*default*        0x00000000         0xffffffff

Linker script and memory map

LOAD c:/users/zhong/appdata/local/arduino15/packages/arduino/tools/arm-none-eabi-gcc/5.4-2016q2/bin/../lib/gcc/arm-none-eabi/5.4.1/armv7-m/crti.o
LOAD c:/users/zhong/appdata/local/arduino15/packages/arduino/tools/arm-none-eabi-gcc/5.4-2016q2/bin/../lib/gcc/arm-none-eabi/5.4.1/armv7-m/crtbegin.o
LOAD c:/users/zhong/appdata/local/arduino15/packages/arduino/tools/arm-none-eabi-gcc/5.4-2016q2/bin/../lib/gcc/arm-none-eabi/5.4.1/../../../../arm-none-eabi/lib/armv7-m/crt0.o
START GROUP
LOAD C:\Users\zhong\AppData\Local\Temp\arduino_build_599293\sketch\HardwareTimerLLInterrupt.ino.cpp.o
LOAD C:\Users\zhong\AppData\Local\Temp\arduino_build_599293\libraries\HardwareTimerLL\hardwareTimerLL.cpp.o
LOAD C:\Users\zhong\AppData\Local\Temp\arduino_build_599293\core\variant.c.o
LOAD C:\Users\zhong\AppData\Local\Temp\arduino_build_599293/core\core.a
LOAD c:/users/zhong/appdata/local/arduino15/packages/arduino/tools/arm-none-eabi-gcc/5.4-2016q2/bin/../lib/gcc/arm-none-eabi/5.4.1/../../../../arm-none-eabi/lib/armv7-m\libstdc++_nano.a
LOAD c:/users/zhong/appdata/local/arduino15/packages/arduino/tools/arm-none-eabi-gcc/5.4-2016q2/bin/../lib/gcc/arm-none-eabi/5.4.1/../../../../arm-none-eabi/lib/armv7-m\libc_nano.a
END GROUP
LOAD c:/users/zhong/appdata/local/arduino15/packages/arduino/tools/arm-none-eabi-gcc/5.4-2016q2/bin/../lib/gcc/arm-none-eabi/5.4.1/../../../../arm-none-eabi/lib/armv7-m\libm.a
LOAD c:/users/zhong/appdata/local/arduino15/packages/arduino/tools/arm-none-eabi-gcc/5.4-2016q2/bin/../lib/gcc/arm-none-eabi/5.4.1/armv7-m\libgcc.a
START GROUP
LOAD c:/users/zhong/appdata/local/arduino15/packages/arduino/tools/arm-none-eabi-gcc/5.4-2016q2/bin/../lib/gcc/arm-none-eabi/5.4.1/armv7-m\libgcc.a
LOAD c:/users/zhong/appdata/local/arduino15/packages/arduino/tools/arm-none-eabi-gcc/5.4-2016q2/bin/../lib/gcc/arm-none-eabi/5.4.1/../../../../arm-none-eabi/lib/armv7-m\libc_nano.a
END GROUP
START GROUP
LOAD c:/users/zhong/appdata/local/arduino15/packages/arduino/tools/arm-none-eabi-gcc/5.4-2016q2/bin/../lib/gcc/arm-none-eabi/5.4.1/armv7-m\libgcc.a
LOAD c:/users/zhong/appdata/local/arduino15/packages/arduino/tools/arm-none-eabi-gcc/5.4-2016q2/bin/../lib/gcc/arm-none-eabi/5.4.1/../../../../arm-none-eabi/lib/armv7-m\libc_nano.a
END GROUP
LOAD c:/users/zhong/appdata/local/arduino15/packages/arduino/tools/arm-none-eabi-gcc/5.4-2016q2/bin/../lib/gcc/arm-none-eabi/5.4.1/armv7-m/crtend.o
LOAD c:/users/zhong/appdata/local/arduino15/packages/arduino/tools/arm-none-eabi-gcc/5.4-2016q2/bin/../lib/gcc/arm-none-eabi/5.4.1/armv7-m/crtn.o
                0x20005000                _estack = 0x20005000
                0x00000200                _Min_Heap_Size = 0x200
                0x00000400                _Min_Stack_Size = 0x400

.isr_vector     0x08000000      0x10c
                0x08000000                . = ALIGN (0x4)
 *(.isr_vector)
 .isr_vector    0x08000000      0x10c C:\Users\zhong\AppData\Local\Temp\arduino_build_599293/core\core.a(startup_stm32XXXXxe.S.o)
                0x08000000                g_pfnVectors
                0x0800010c                . = ALIGN (0x4)

.text           0x0800010c     0x1bc8
                0x0800010c                . = ALIGN (0x4)
 *(.text)
 .text          0x0800010c       0x5c c:/users/zhong/appdata/local/arduino15/packages/arduino/tools/arm-none-eabi-gcc/5.4-2016q2/bin/../lib/gcc/arm-none-eabi/5.4.1/armv7-m/crtbegin.o
 .text          0x08000168       0x10 c:/users/zhong/appdata/local/arduino15/packages/arduino/tools/arm-none-eabi-gcc/5.4-2016q2/bin/../lib/gcc/arm-none-eabi/5.4.1/../../../../arm-none-eabi/lib/armv7-m\libc_nano.a(lib_a-strlen.o)
                0x08000168                strlen
 .text          0x08000178       0x30 c:/users/zhong/appdata/local/arduino15/packages/arduino/tools/arm-none-eabi-gcc/5.4-2016q2/bin/../lib/gcc/arm-none-eabi/5.4.1/armv7-m\libgcc.a(_aeabi_uldivmod.o)
                0x08000178                __aeabi_uldivmod
 .text          0x080001a8      0x2ec c:/users/zhong/appdata/local/arduino15/packages/arduino/tools/arm-none-eabi-gcc/5.4-2016q2/bin/../lib/gcc/arm-none-eabi/5.4.1/armv7-m\libgcc.a(_udivmoddi4.o)
                0x080001a8                __udivmoddi4
 .text          0x08000494        0x4 c:/users/zhong/appdata/local/arduino15/packages/arduino/tools/arm-none-eabi-gcc/5.4-2016q2/bin/../lib/gcc/arm-none-eabi/5.4.1/armv7-m\libgcc.a(_dvmd_tls.o)
                0x08000494                __aeabi_idiv0
                0x08000494                __aeabi_ldiv0
 *(.text*)
 .text._Z9interruptv
                0x08000498       0x18 C:\Users\zhong\AppData\Local\Temp\arduino_build_599293\sketch\HardwareTimerLLInterrupt.ino.cpp.o
                0x08000498                interrupt()
 .text.setup    0x080004b0       0x4c C:\Users\zhong\AppData\Local\Temp\arduino_build_599293\sketch\HardwareTimerLLInterrupt.ino.cpp.o
                0x080004b0                setup
 .text.loop     0x080004fc       0x88 C:\Users\zhong\AppData\Local\Temp\arduino_build_599293\sketch\HardwareTimerLLInterrupt.ino.cpp.o
                0x080004fc                loop
 .text._ZN15HardwareTimerLL6resumeEv
                0x08000584       0xac C:\Users\zhong\AppData\Local\Temp\arduino_build_599293\libraries\HardwareTimerLL\hardwareTimerLL.cpp.o
                0x08000584                HardwareTimerLL::resume()
 .text._ZN15HardwareTimerLL17getPrescaleFactorEv
                0x08000630        0x6 C:\Users\zhong\AppData\Local\Temp\arduino_build_599293\libraries\HardwareTimerLL\hardwareTimerLL.cpp.o
                0x08000630                HardwareTimerLL::getPrescaleFactor()
 .text._ZN15HardwareTimerLL11getOverflowEv
                0x08000636        0x6 C:\Users\zhong\AppData\Local\Temp\arduino_build_599293\libraries\HardwareTimerLL\hardwareTimerLL.cpp.o
                0x08000636                HardwareTimerLL::getOverflow()
 .text._ZN15HardwareTimerLL9setPeriodEm
                0x0800063c       0x38 C:\Users\zhong\AppData\Local\Temp\arduino_build_599293\libraries\HardwareTimerLL\hardwareTimerLL.cpp.o
                0x0800063c                HardwareTimerLL::setPeriod(unsigned long)
 .text._ZN15HardwareTimerLL16getBaseFrequencyEv
                0x08000674       0x1e C:\Users\zhong\AppData\Local\Temp\arduino_build_599293\libraries\HardwareTimerLL\hardwareTimerLL.cpp.o
                0x08000674                HardwareTimerLL::getBaseFrequency()
 *fill*         0x08000692        0x2 
 .text.TIM2_IRQHandler
                0x08000694       0x20 C:\Users\zhong\AppData\Local\Temp\arduino_build_599293\libraries\HardwareTimerLL\hardwareTimerLL.cpp.o
                0x08000694                TIM2_IRQHandler
 .text.startup._GLOBAL__sub_I_interruptTimer2
                0x080006b4       0x10 C:\Users\zhong\AppData\Local\Temp\arduino_build_599293\libraries\HardwareTimerLL\hardwareTimerLL.cpp.o
 .text.SystemClock_Config
                0x080006c4       0xa4 C:\Users\zhong\AppData\Local\Temp\arduino_build_599293\core\variant.c.o
                0x080006c4                SystemClock_Config
 .text.Reset_Handler
                0x08000768       0x48 C:\Users\zhong\AppData\Local\Temp\arduino_build_599293/core\core.a(startup_stm32XXXXxe.S.o)
                0x08000768                Reset_Handler
 .text.Default_Handler
                0x080007b0        0x2 C:\Users\zhong\AppData\Local\Temp\arduino_build_599293/core\core.a(startup_stm32XXXXxe.S.o)
                0x080007b0                RTC_Alarm_IRQHandler
                0x080007b0                EXTI2_IRQHandler
                0x080007b0                DebugMon_Handler
                0x080007b0                TIM1_CC_IRQHandler
                0x080007b0                HardFault_Handler
                0x080007b0                PVD_IRQHandler
                0x080007b0                PendSV_Handler
                0x080007b0                NMI_Handler
                0x080007b0                EXTI3_IRQHandler
                0x080007b0                EXTI0_IRQHandler
                0x080007b0                I2C2_EV_IRQHandler
                0x080007b0                UsageFault_Handler
                0x080007b0                ADC1_2_IRQHandler
                0x080007b0                SPI1_IRQHandler
                0x080007b0                TAMPER_IRQHandler
                0x080007b0                DMA1_Channel4_IRQHandler
                0x080007b0                RTC_IRQHandler
                0x080007b0                DMA1_Channel7_IRQHandler
                0x080007b0                CAN1_RX1_IRQHandler
                0x080007b0                TIM4_IRQHandler
                0x080007b0                I2C1_EV_IRQHandler
                0x080007b0                DMA1_Channel6_IRQHandler
                0x080007b0                RCC_IRQHandler
                0x080007b0                TIM1_TRG_COM_IRQHandler
                0x080007b0                DMA1_Channel1_IRQHandler
                0x080007b0                Default_Handler
                0x080007b0                EXTI15_10_IRQHandler
                0x080007b0                EXTI9_5_IRQHandler
                0x080007b0                SPI2_IRQHandler
                0x080007b0                MemManage_Handler
                0x080007b0                SVC_Handler
                0x080007b0                DMA1_Channel5_IRQHandler
                0x080007b0                EXTI4_IRQHandler
                0x080007b0                USB_LP_CAN1_RX0_IRQHandler
                0x080007b0                USB_HP_CAN1_TX_IRQHandler
                0x080007b0                DMA1_Channel3_IRQHandler
                0x080007b0                TIM1_UP_IRQHandler
                0x080007b0                WWDG_IRQHandler
                0x080007b0                TIM1_BRK_IRQHandler
                0x080007b0                EXTI1_IRQHandler
                0x080007b0                I2C2_ER_IRQHandler
                0x080007b0                DMA1_Channel2_IRQHandler
                0x080007b0                CAN1_SCE_IRQHandler
                0x080007b0                FLASH_IRQHandler
                0x080007b0                BusFault_Handler
                0x080007b0                I2C1_ER_IRQHandler
                0x080007b0                USBWakeUp_IRQHandler
 .text.__empty  0x080007b2        0x2 C:\Users\zhong\AppData\Local\Temp\arduino_build_599293/core\core.a(hooks.c.o)
                0x080007b2                Error_Handler
                0x080007b2                yield
 .text._sbrk    0x080007b4       0x3c C:\Users\zhong\AppData\Local\Temp\arduino_build_599293/core\core.a(syscalls.c.o)
                0x080007b4                _sbrk
 .text._link    0x080007f0       0x10 C:\Users\zhong\AppData\Local\Temp\arduino_build_599293/core\core.a(syscalls.c.o)
                0x080007f0                _link
 .text._close   0x08000800        0x6 C:\Users\zhong\AppData\Local\Temp\arduino_build_599293/core\core.a(syscalls.c.o)
                0x08000800                _close
 .text._fstat   0x08000806        0xa C:\Users\zhong\AppData\Local\Temp\arduino_build_599293/core\core.a(syscalls.c.o)
                0x08000806                _fstat
 .text._isatty  0x08000810        0x4 C:\Users\zhong\AppData\Local\Temp\arduino_build_599293/core\core.a(syscalls.c.o)
                0x08000810                _isatty
 .text._lseek   0x08000814        0x4 C:\Users\zhong\AppData\Local\Temp\arduino_build_599293/core\core.a(syscalls.c.o)
                0x08000814                _lseek
 .text._read    0x08000818        0x4 C:\Users\zhong\AppData\Local\Temp\arduino_build_599293/core\core.a(syscalls.c.o)
                0x08000818                _read
 .text._exit    0x0800081c        0x2 C:\Users\zhong\AppData\Local\Temp\arduino_build_599293/core\core.a(syscalls.c.o)
                0x0800081c                _exit
 *fill*         0x0800081e        0x2 
 .text._kill    0x08000820       0x10 C:\Users\zhong\AppData\Local\Temp\arduino_build_599293/core\core.a(syscalls.c.o)
                0x08000820                _kill
 .text._getpid  0x08000830        0x6 C:\Users\zhong\AppData\Local\Temp\arduino_build_599293/core\core.a(syscalls.c.o)
                0x08000830                _getpid
 .text.UART_EndRxTransfer
                0x08000836       0x1a C:\Users\zhong\AppData\Local\Temp\arduino_build_599293/core\core.a(stm32XXxx_hal.c.o)
 .text.HAL_InitTick
                0x08000850       0x48 C:\Users\zhong\AppData\Local\Temp\arduino_build_599293/core\core.a(stm32XXxx_hal.c.o)
                0x08000850                HAL_InitTick
 .text.HAL_Init
                0x08000898       0x24 C:\Users\zhong\AppData\Local\Temp\arduino_build_599293/core\core.a(stm32XXxx_hal.c.o)
                0x08000898                HAL_Init
 .text.HAL_IncTick
                0x080008bc       0x18 C:\Users\zhong\AppData\Local\Temp\arduino_build_599293/core\core.a(stm32XXxx_hal.c.o)
                0x080008bc                HAL_IncTick
 .text.HAL_GetTick
                0x080008d4        0xc C:\Users\zhong\AppData\Local\Temp\arduino_build_599293/core\core.a(stm32XXxx_hal.c.o)
                0x080008d4                HAL_GetTick
 .text.HAL_DMA_Abort_IT
                0x080008e0       0x90 C:\Users\zhong\AppData\Local\Temp\arduino_build_599293/core\core.a(stm32XXxx_hal.c.o)
                0x080008e0                HAL_DMA_Abort_IT
 .text.HAL_GPIO_Init
                0x08000970      0x1b0 C:\Users\zhong\AppData\Local\Temp\arduino_build_599293/core\core.a(stm32XXxx_hal.c.o)
                0x08000970                HAL_GPIO_Init
 .text.HAL_RCC_GetPCLK1Freq
                0x08000b20       0x20 C:\Users\zhong\AppData\Local\Temp\arduino_build_599293/core\core.a(stm32XXxx_hal.c.o)
                0x08000b20                HAL_RCC_GetPCLK1Freq
 .text.HAL_RCC_GetPCLK2Freq
                0x08000b40       0x20 C:\Users\zhong\AppData\Local\Temp\arduino_build_599293/core\core.a(stm32XXxx_hal.c.o)
                0x08000b40                HAL_RCC_GetPCLK2Freq
 .text.UART_SetConfig
                0x08000b60      0x144 C:\Users\zhong\AppData\Local\Temp\arduino_build_599293/core\core.a(stm32XXxx_hal.c.o)
 .text.HAL_UART_MspInit
                0x08000ca4        0x2 C:\Users\zhong\AppData\Local\Temp\arduino_build_599293/core\core.a(stm32XXxx_hal.c.o)
                0x08000ca4                HAL_UART_MspInit
 .text.HAL_UART_Init
                0x08000ca6       0x5c C:\Users\zhong\AppData\Local\Temp\arduino_build_599293/core\core.a(stm32XXxx_hal.c.o)
                0x08000ca6                HAL_UART_Init
 .text.HAL_UART_Transmit_IT
                0x08000d02       0x3e C:\Users\zhong\AppData\Local\Temp\arduino_build_599293/core\core.a(stm32XXxx_hal.c.o)
                0x08000d02                HAL_UART_Transmit_IT
 .text.HAL_UART_Receive_IT
                0x08000d40       0x4e C:\Users\zhong\AppData\Local\Temp\arduino_build_599293/core\core.a(stm32XXxx_hal.c.o)
                0x08000d40                HAL_UART_Receive_IT
 .text.UART_Receive_IT
                0x08000d8e       0x80 C:\Users\zhong\AppData\Local\Temp\arduino_build_599293/core\core.a(stm32XXxx_hal.c.o)
 *fill*         0x08000e0e        0x2 
 .text.HAL_UART_IRQHandler
                0x08000e10      0x140 C:\Users\zhong\AppData\Local\Temp\arduino_build_599293/core\core.a(stm32XXxx_hal.c.o)
                0x08000e10                HAL_UART_IRQHandler
 .text.UART_DMAAbortOnError
                0x08000f50       0x10 C:\Users\zhong\AppData\Local\Temp\arduino_build_599293/core\core.a(stm32XXxx_hal.c.o)
 .text.RCC_GetHCLKClockFreq
                0x08000f60       0x18 C:\Users\zhong\AppData\Local\Temp\arduino_build_599293/core\core.a(stm32XXxx_hal.c.o)
                0x08000f60                RCC_GetHCLKClockFreq
 .text.RCC_GetPCLK1ClockFreq
                0x08000f78       0x18 C:\Users\zhong\AppData\Local\Temp\arduino_build_599293/core\core.a(stm32XXxx_hal.c.o)
                0x08000f78                RCC_GetPCLK1ClockFreq
 .text.RCC_GetPCLK2ClockFreq
                0x08000f90       0x18 C:\Users\zhong\AppData\Local\Temp\arduino_build_599293/core\core.a(stm32XXxx_hal.c.o)
                0x08000f90                RCC_GetPCLK2ClockFreq
 .text.RCC_PLL_GetFreqDomain_SYS
                0x08000fa8       0x34 C:\Users\zhong\AppData\Local\Temp\arduino_build_599293/core\core.a(stm32XXxx_hal.c.o)
                0x08000fa8                RCC_PLL_GetFreqDomain_SYS
 .text.RCC_GetSystemClockFreq
                0x08000fdc       0x1c C:\Users\zhong\AppData\Local\Temp\arduino_build_599293/core\core.a(stm32XXxx_hal.c.o)
                0x08000fdc                RCC_GetSystemClockFreq
 .text.LL_RCC_GetSystemClocksFreq
                0x08000ff8       0x20 C:\Users\zhong\AppData\Local\Temp\arduino_build_599293/core\core.a(stm32XXxx_hal.c.o)
                0x08000ff8                LL_RCC_GetSystemClocksFreq
 .text.LL_Init1msTick
                0x08001018       0x1c C:\Users\zhong\AppData\Local\Temp\arduino_build_599293/core\core.a(stm32XXxx_hal.c.o)
                0x08001018                LL_Init1msTick
 .text.LL_SetSystemCoreClock
                0x08001034        0xc C:\Users\zhong\AppData\Local\Temp\arduino_build_599293/core\core.a(stm32XXxx_hal.c.o)
                0x08001034                LL_SetSystemCoreClock
 .text.HAL_NVIC_SetPriorityGrouping
                0x08001040       0x24 C:\Users\zhong\AppData\Local\Temp\arduino_build_599293/core\core.a(stm32XXxx_hal_ex.c.o)
                0x08001040                HAL_NVIC_SetPriorityGrouping
 .text.HAL_NVIC_SetPriority
                0x08001064       0x68 C:\Users\zhong\AppData\Local\Temp\arduino_build_599293/core\core.a(stm32XXxx_hal_ex.c.o)
                0x08001064                HAL_NVIC_SetPriority
 .text.HAL_NVIC_EnableIRQ
                0x080010cc       0x18 C:\Users\zhong\AppData\Local\Temp\arduino_build_599293/core\core.a(stm32XXxx_hal_ex.c.o)
                0x080010cc                HAL_NVIC_EnableIRQ
 .text.HAL_SYSTICK_Config
                0x080010e4       0x2c C:\Users\zhong\AppData\Local\Temp\arduino_build_599293/core\core.a(stm32XXxx_hal_ex.c.o)
                0x080010e4                HAL_SYSTICK_Config
 .text.HAL_SYSTICK_Callback
                0x08001110        0x2 C:\Users\zhong\AppData\Local\Temp\arduino_build_599293/core\core.a(stm32XXxx_hal_ex.c.o)
                0x08001110                HAL_SYSTICK_Callback
 .text.HAL_SYSTICK_IRQHandler
                0x08001112        0x8 C:\Users\zhong\AppData\Local\Temp\arduino_build_599293/core\core.a(stm32XXxx_hal_ex.c.o)
                0x08001112                HAL_SYSTICK_IRQHandler
 .text.preinitVariant
                0x0800111a        0x2 C:\Users\zhong\AppData\Local\Temp\arduino_build_599293/core\core.a(system_stm32XXxx.c.o)
                0x0800111a                preinitVariant
 .text.SystemInit
                0x0800111c       0x50 C:\Users\zhong\AppData\Local\Temp\arduino_build_599293/core\core.a(system_stm32XXxx.c.o)
                0x0800111c                SystemInit
 .text._ZN5Print5writeEPKhj
                0x0800116c       0x2c C:\Users\zhong\AppData\Local\Temp\arduino_build_599293/core\core.a(Print.cpp.o)
                0x0800116c                Print::write(unsigned char const*, unsigned int)
 .text._ZN5Print5writeEPKc
                0x08001198       0x20 C:\Users\zhong\AppData\Local\Temp\arduino_build_599293/core\core.a(Print.cpp.o)
                0x08001198                Print::write(char const*)
 .text._ZN5Print5printEPKc
                0x080011b8        0x8 C:\Users\zhong\AppData\Local\Temp\arduino_build_599293/core\core.a(Print.cpp.o)
                0x080011b8                Print::print(char const*)
 .text._ZN5Print7printlnEv
                0x080011c0       0x10 C:\Users\zhong\AppData\Local\Temp\arduino_build_599293/core\core.a(Print.cpp.o)
                0x080011c0                Print::println()
 .text._ZN5Print7printlnEPKc
                0x080011d0       0x14 C:\Users\zhong\AppData\Local\Temp\arduino_build_599293/core\core.a(Print.cpp.o)
                0x080011d0                Print::println(char const*)
 .text._ZN5Print11printNumberEyh
                0x080011e4       0x7a C:\Users\zhong\AppData\Local\Temp\arduino_build_599293/core\core.a(Print.cpp.o)
                0x080011e4                Print::printNumber(unsigned long long, unsigned char)
 .text._ZN5Print5printEmi
                0x0800125e       0x24 C:\Users\zhong\AppData\Local\Temp\arduino_build_599293/core\core.a(Print.cpp.o)
                0x0800125e                Print::print(unsigned long, int)
 .text._ZN5Print7printlnEmi
                0x08001282       0x14 C:\Users\zhong\AppData\Local\Temp\arduino_build_599293/core\core.a(Print.cpp.o)
                0x08001282                Print::println(unsigned long, int)
 .text.initVariant
                0x08001296        0x2 C:\Users\zhong\AppData\Local\Temp\arduino_build_599293/core\core.a(main.cpp.o)
                0x08001296                initVariant
 .text.startup.main
                0x08001298       0x14 C:\Users\zhong\AppData\Local\Temp\arduino_build_599293/core\core.a(main.cpp.o)
                0x08001298                main
 .text._Znwj    0x080012ac        0x4 C:\Users\zhong\AppData\Local\Temp\arduino_build_599293/core\core.a(new.cpp.o)
                0x080012ac                operator new(unsigned int)
 .text._ZdlPvj  0x080012b0        0x4 C:\Users\zhong\AppData\Local\Temp\arduino_build_599293/core\core.a(new.cpp.o)
                0x080012b0                operator delete(void*, unsigned int)
 .text._ZN14HardwareSerial9availableEv
                0x080012b4       0x10 C:\Users\zhong\AppData\Local\Temp\arduino_build_599293/core\core.a(HardwareSerial.cpp.o)
                0x080012b4                HardwareSerial::available()
 .text._ZN14HardwareSerial4peekEv
                0x080012c4       0x1c C:\Users\zhong\AppData\Local\Temp\arduino_build_599293/core\core.a(HardwareSerial.cpp.o)
                0x080012c4                HardwareSerial::peek()
 .text._ZN14HardwareSerial5flushEv
                0x080012e0        0xe C:\Users\zhong\AppData\Local\Temp\arduino_build_599293/core\core.a(HardwareSerial.cpp.o)
                0x080012e0                HardwareSerial::flush()
 .text._ZN14HardwareSerial4readEv
                0x080012ee       0x2a C:\Users\zhong\AppData\Local\Temp\arduino_build_599293/core\core.a(HardwareSerial.cpp.o)
                0x080012ee                HardwareSerial::read()
 .text._ZN14HardwareSerial5writeEh
                0x08001318       0x50 C:\Users\zhong\AppData\Local\Temp\arduino_build_599293/core\core.a(HardwareSerial.cpp.o)
                0x08001318                HardwareSerial::write(unsigned char)
 .text._ZN14HardwareSerialC2EP13USART_TypeDef
                0x08001368       0x3c C:\Users\zhong\AppData\Local\Temp\arduino_build_599293/core\core.a(HardwareSerial.cpp.o)
                0x08001368                HardwareSerial::HardwareSerial(USART_TypeDef*)
                0x08001368                HardwareSerial::HardwareSerial(USART_TypeDef*)
 .text._ZN14HardwareSerial5beginEmh
                0x080013a4      0x204 C:\Users\zhong\AppData\Local\Temp\arduino_build_599293/core\core.a(HardwareSerial.cpp.o)
                0x080013a4                HardwareSerial::begin(unsigned long, unsigned char)
 .text.USART1_IRQHandler
                0x080015a8       0x14 C:\Users\zhong\AppData\Local\Temp\arduino_build_599293/core\core.a(HardwareSerial.cpp.o)
                0x080015a8                USART1_IRQHandler
 .text.USART2_IRQHandler
                0x080015bc       0x14 C:\Users\zhong\AppData\Local\Temp\arduino_build_599293/core\core.a(HardwareSerial.cpp.o)
                0x080015bc                USART2_IRQHandler
 .text.USART3_IRQHandler
                0x080015d0       0x14 C:\Users\zhong\AppData\Local\Temp\arduino_build_599293/core\core.a(HardwareSerial.cpp.o)
                0x080015d0                USART3_IRQHandler
 .text.HAL_UART_TxCpltCallback
                0x080015e4       0x34 C:\Users\zhong\AppData\Local\Temp\arduino_build_599293/core\core.a(HardwareSerial.cpp.o)
                0x080015e4                HAL_UART_TxCpltCallback
 .text.HAL_UART_RxCpltCallback
                0x08001618       0x34 C:\Users\zhong\AppData\Local\Temp\arduino_build_599293/core\core.a(HardwareSerial.cpp.o)
                0x08001618                HAL_UART_RxCpltCallback
 .text.HAL_UART_ErrorCallback
                0x0800164c       0x1e C:\Users\zhong\AppData\Local\Temp\arduino_build_599293/core\core.a(HardwareSerial.cpp.o)
                0x0800164c                HAL_UART_ErrorCallback
 *fill*         0x0800166a        0x2 
 .text.startup._GLOBAL__sub_I__ZN14HardwareSerialC2EP13USART_TypeDef
                0x0800166c       0x38 C:\Users\zhong\AppData\Local\Temp\arduino_build_599293/core\core.a(HardwareSerial.cpp.o)
 .text._write   0x080016a4       0x48 C:\Users\zhong\AppData\Local\Temp\arduino_build_599293/core\core.a(STM32System.cpp.o)
                0x080016a4                _write
 .text.stm32GpioClockEnable
                0x080016ec       0xb0 C:\Users\zhong\AppData\Local\Temp\arduino_build_599293/core\core.a(stm32_gpio.cpp.o)
                0x080016ec                stm32GpioClockEnable
 .text.pinMode  0x0800179c       0x78 C:\Users\zhong\AppData\Local\Temp\arduino_build_599293/core\core.a(stm32_gpio.cpp.o)
                0x0800179c                pinMode
 .text.startup._GLOBAL__sub_I_stm32GpioClockEnable
                0x08001814       0x68 C:\Users\zhong\AppData\Local\Temp\arduino_build_599293/core\core.a(stm32_gpio.cpp.o)
 .text.TIM3_IRQHandler
                0x0800187c       0x10 C:\Users\zhong\AppData\Local\Temp\arduino_build_599293/core\core.a(stm32_PWM.c.o)
                0x0800187c                TIM3_IRQHandler
 .text.AF__HAL_AFIO_REMAP_USART1_DISABLE
                0x0800188c       0x14 C:\Users\zhong\AppData\Local\Temp\arduino_build_599293/core\core.a(stm32_gpio_af.c.o)
 .text.AF__HAL_AFIO_REMAP_USART1_ENABLE
                0x080018a0       0x14 C:\Users\zhong\AppData\Local\Temp\arduino_build_599293/core\core.a(stm32_gpio_af.c.o)
 .text.AF__HAL_AFIO_REMAP_USART2_DISABLE
                0x080018b4       0x14 C:\Users\zhong\AppData\Local\Temp\arduino_build_599293/core\core.a(stm32_gpio_af.c.o)
 .text.AF__HAL_AFIO_REMAP_USART3_DISABLE
                0x080018c8       0x14 C:\Users\zhong\AppData\Local\Temp\arduino_build_599293/core\core.a(stm32_gpio_af.c.o)
 .text.stm32AfInit
                0x080018dc       0x1a C:\Users\zhong\AppData\Local\Temp\arduino_build_599293/core\core.a(stm32_gpio_af.c.o)
                0x080018dc                stm32AfInit
 .text.stm32AfGetDefault
                0x080018f6       0x22 C:\Users\zhong\AppData\Local\Temp\arduino_build_599293/core\core.a(stm32_gpio_af.c.o)
                0x080018f6                stm32AfGetDefault
 .text.stm32AfUARTInit
                0x08001918       0x40 C:\Users\zhong\AppData\Local\Temp\arduino_build_599293/core\core.a(stm32_gpio_af.c.o)
                0x08001918                stm32AfUARTInit
 .text.stm32AfGet
                0x08001958       0x2a C:\Users\zhong\AppData\Local\Temp\arduino_build_599293/core\core.a(stm32_gpio_af_F1.c.o)
                0x08001958                stm32AfGet
 *fill*         0x08001982        0x2 
 .text.stm32AfInitSpeed
                0x08001984       0x60 C:\Users\zhong\AppData\Local\Temp\arduino_build_599293/core\core.a(stm32_gpio_af_F1.c.o)
                0x08001984                stm32AfInitSpeed
 .text.init     0x080019e4        0xe C:\Users\zhong\AppData\Local\Temp\arduino_build_599293/core\core.a(stm32_init.c.o)
                0x080019e4                init
 .text.SysTick_Handler
                0x080019f2        0xe C:\Users\zhong\AppData\Local\Temp\arduino_build_599293/core\core.a(stm32_init.c.o)
                0x080019f2                SysTick_Handler
 .text.HAL_MspInit
                0x08001a00       0x70 C:\Users\zhong\AppData\Local\Temp\arduino_build_599293/core\core.a(stm32_init.c.o)
                0x08001a00                HAL_MspInit
 .text.__libc_init_array
                0x08001a70       0x4c c:/users/zhong/appdata/local/arduino15/packages/arduino/tools/arm-none-eabi-gcc/5.4-2016q2/bin/../lib/gcc/arm-none-eabi/5.4.1/../../../../arm-none-eabi/lib/armv7-m\libc_nano.a(lib_a-init.o)
                0x08001a70                __libc_init_array
 .text.malloc   0x08001abc       0x10 c:/users/zhong/appdata/local/arduino15/packages/arduino/tools/arm-none-eabi-gcc/5.4-2016q2/bin/../lib/gcc/arm-none-eabi/5.4.1/../../../../arm-none-eabi/lib/armv7-m\libc_nano.a(lib_a-malloc.o)
                0x08001abc                malloc
 .text.free     0x08001acc       0x10 c:/users/zhong/appdata/local/arduino15/packages/arduino/tools/arm-none-eabi-gcc/5.4-2016q2/bin/../lib/gcc/arm-none-eabi/5.4.1/../../../../arm-none-eabi/lib/armv7-m\libc_nano.a(lib_a-malloc.o)
                0x08001acc                free
 .text._free_r  0x08001adc       0x98 c:/users/zhong/appdata/local/arduino15/packages/arduino/tools/arm-none-eabi-gcc/5.4-2016q2/bin/../lib/gcc/arm-none-eabi/5.4.1/../../../../arm-none-eabi/lib/armv7-m\libc_nano.a(lib_a-nano-freer.o)
                0x08001adc                _free_r
 .text._malloc_r
                0x08001b74       0xbc c:/users/zhong/appdata/local/arduino15/packages/arduino/tools/arm-none-eabi-gcc/5.4-2016q2/bin/../lib/gcc/arm-none-eabi/5.4.1/../../../../arm-none-eabi/lib/armv7-m\libc_nano.a(lib_a-nano-mallocr.o)
                0x08001b74                _malloc_r
 .text._sbrk_r  0x08001c30       0x20 c:/users/zhong/appdata/local/arduino15/packages/arduino/tools/arm-none-eabi-gcc/5.4-2016q2/bin/../lib/gcc/arm-none-eabi/5.4.1/../../../../arm-none-eabi/lib/armv7-m\libc_nano.a(lib_a-sbrkr.o)
                0x08001c30                _sbrk_r
 .text.kill     0x08001c50       0x10 c:/users/zhong/appdata/local/arduino15/packages/arduino/tools/arm-none-eabi-gcc/5.4-2016q2/bin/../lib/gcc/arm-none-eabi/5.4.1/../../../../arm-none-eabi/lib/armv7-m\libc_nano.a(lib_a-syskill.o)
                0x08001c50                kill
 .text.link     0x08001c60       0x10 c:/users/zhong/appdata/local/arduino15/packages/arduino/tools/arm-none-eabi-gcc/5.4-2016q2/bin/../lib/gcc/arm-none-eabi/5.4.1/../../../../arm-none-eabi/lib/armv7-m\libc_nano.a(lib_a-syslink.o)
                0x08001c60                link
 .text._link_r  0x08001c70       0x24 c:/users/zhong/appdata/local/arduino15/packages/arduino/tools/arm-none-eabi-gcc/5.4-2016q2/bin/../lib/gcc/arm-none-eabi/5.4.1/../../../../arm-none-eabi/lib/armv7-m\libc_nano.a(lib_a-linkr.o)
                0x08001c70                _link_r
 .text.__malloc_lock
                0x08001c94        0x2 c:/users/zhong/appdata/local/arduino15/packages/arduino/tools/arm-none-eabi-gcc/5.4-2016q2/bin/../lib/gcc/arm-none-eabi/5.4.1/../../../../arm-none-eabi/lib/armv7-m\libc_nano.a(lib_a-mlock.o)
                0x08001c94                __malloc_lock
 .text.__malloc_unlock
                0x08001c96        0x2 c:/users/zhong/appdata/local/arduino15/packages/arduino/tools/arm-none-eabi-gcc/5.4-2016q2/bin/../lib/gcc/arm-none-eabi/5.4.1/../../../../arm-none-eabi/lib/armv7-m\libc_nano.a(lib_a-mlock.o)
                0x08001c96                __malloc_unlock
 .text._kill_r  0x08001c98       0x24 c:/users/zhong/appdata/local/arduino15/packages/arduino/tools/arm-none-eabi-gcc/5.4-2016q2/bin/../lib/gcc/arm-none-eabi/5.4.1/../../../../arm-none-eabi/lib/armv7-m\libc_nano.a(lib_a-signalr.o)
                0x08001c98                _kill_r
 *(.glue_7)
 .glue_7        0x08001cbc        0x0 linker stubs
 *(.glue_7t)
 .glue_7t       0x08001cbc        0x0 linker stubs
 *(.eh_frame)
 .eh_frame      0x08001cbc        0x0 c:/users/zhong/appdata/local/arduino15/packages/arduino/tools/arm-none-eabi-gcc/5.4-2016q2/bin/../lib/gcc/arm-none-eabi/5.4.1/armv7-m/crtbegin.o
 *(.init)
 .init          0x08001cbc        0x4 c:/users/zhong/appdata/local/arduino15/packages/arduino/tools/arm-none-eabi-gcc/5.4-2016q2/bin/../lib/gcc/arm-none-eabi/5.4.1/armv7-m/crti.o
                0x08001cbc                _init
 .init          0x08001cc0        0x8 c:/users/zhong/appdata/local/arduino15/packages/arduino/tools/arm-none-eabi-gcc/5.4-2016q2/bin/../lib/gcc/arm-none-eabi/5.4.1/armv7-m/crtn.o
 *(.fini)
 .fini          0x08001cc8        0x4 c:/users/zhong/appdata/local/arduino15/packages/arduino/tools/arm-none-eabi-gcc/5.4-2016q2/bin/../lib/gcc/arm-none-eabi/5.4.1/armv7-m/crti.o
                0x08001cc8                _fini
 .fini          0x08001ccc        0x8 c:/users/zhong/appdata/local/arduino15/packages/arduino/tools/arm-none-eabi-gcc/5.4-2016q2/bin/../lib/gcc/arm-none-eabi/5.4.1/armv7-m/crtn.o
                0x08001cd4                . = ALIGN (0x4)
                0x08001cd4                _etext = .

.vfp11_veneer   0x08001cd4        0x0
 .vfp11_veneer  0x08001cd4        0x0 linker stubs

.v4_bx          0x08001cd4        0x0
 .v4_bx         0x08001cd4        0x0 linker stubs

.iplt           0x08001cd4        0x0
 .iplt          0x08001cd4        0x0 c:/users/zhong/appdata/local/arduino15/packages/arduino/tools/arm-none-eabi-gcc/5.4-2016q2/bin/../lib/gcc/arm-none-eabi/5.4.1/armv7-m/crtbegin.o

.rodata         0x08001cd4      0x2a4
                0x08001cd4                . = ALIGN (0x4)
 *(.rodata)
 *(.rodata*)
 .rodata.str1.1
                0x08001cd4       0x4f C:\Users\zhong\AppData\Local\Temp\arduino_build_599293\sketch\HardwareTimerLLInterrupt.ino.cpp.o
 .rodata.AHBPrescTable
                0x08001d23       0x10 C:\Users\zhong\AppData\Local\Temp\arduino_build_599293/core\core.a(system_stm32XXxx.c.o)
                0x08001d23                AHBPrescTable
 .rodata.APBPrescTable
                0x08001d33        0x8 C:\Users\zhong\AppData\Local\Temp\arduino_build_599293/core\core.a(system_stm32XXxx.c.o)
                0x08001d33                APBPrescTable
 .rodata.str1.1
                0x08001d3b        0xf C:\Users\zhong\AppData\Local\Temp\arduino_build_599293/core\core.a(Print.cpp.o)
 *fill*         0x08001d4a        0x2 
 .rodata._ZTV14HardwareSerial
                0x08001d4c       0x20 C:\Users\zhong\AppData\Local\Temp\arduino_build_599293/core\core.a(HardwareSerial.cpp.o)
                0x08001d4c                vtable for HardwareSerial
 .rodata.chip_af_usart_rx
                0x08001d6c       0x40 C:\Users\zhong\AppData\Local\Temp\arduino_build_599293/core\core.a(stm32_gpio_af.c.o)
                0x08001d6c                chip_af_usart_rx
 .rodata.chip_af_usart_tx
                0x08001dac       0x40 C:\Users\zhong\AppData\Local\Temp\arduino_build_599293/core\core.a(stm32_gpio_af.c.o)
                0x08001dac                chip_af_usart_tx
 .rodata.variant_pin_list
                0x08001dec      0x128 C:\Users\zhong\AppData\Local\Temp\arduino_build_599293/core\core.a(stm32_pin_list.c.o)
                0x08001dec                variant_pin_list
 .rodata.str1.1
                0x08001f14        0x2 c:/users/zhong/appdata/local/arduino15/packages/arduino/tools/arm-none-eabi-gcc/5.4-2016q2/bin/../lib/gcc/arm-none-eabi/5.4.1/../../../../arm-none-eabi/lib/armv7-m\libc_nano.a(lib_a-impure.o)
 *fill*         0x08001f16        0x2 
 .rodata.__sf_fake_stdin
                0x08001f18       0x20 c:/users/zhong/appdata/local/arduino15/packages/arduino/tools/arm-none-eabi-gcc/5.4-2016q2/bin/../lib/gcc/arm-none-eabi/5.4.1/../../../../arm-none-eabi/lib/armv7-m\libc_nano.a(lib_a-findfp.o)
                0x08001f18                __sf_fake_stdin
 .rodata.__sf_fake_stdout
                0x08001f38       0x20 c:/users/zhong/appdata/local/arduino15/packages/arduino/tools/arm-none-eabi-gcc/5.4-2016q2/bin/../lib/gcc/arm-none-eabi/5.4.1/../../../../arm-none-eabi/lib/armv7-m\libc_nano.a(lib_a-findfp.o)
                0x08001f38                __sf_fake_stdout
 .rodata.__sf_fake_stderr
                0x08001f58       0x20 c:/users/zhong/appdata/local/arduino15/packages/arduino/tools/arm-none-eabi-gcc/5.4-2016q2/bin/../lib/gcc/arm-none-eabi/5.4.1/../../../../arm-none-eabi/lib/armv7-m\libc_nano.a(lib_a-findfp.o)
                0x08001f58                __sf_fake_stderr
                0x08001f78                . = ALIGN (0x4)

.ARM.extab
 *(.ARM.extab* .gnu.linkonce.armextab.*)

.ARM            0x08001f78        0x8
                0x08001f78                __exidx_start = .
 *(.ARM.exidx*)
 .ARM.exidx     0x08001f78        0x8 c:/users/zhong/appdata/local/arduino15/packages/arduino/tools/arm-none-eabi-gcc/5.4-2016q2/bin/../lib/gcc/arm-none-eabi/5.4.1/armv7-m\libgcc.a(_udivmoddi4.o)
                0x08001f80                __exidx_end = .

.rel.dyn        0x08001f80        0x0
 .rel.iplt      0x08001f80        0x0 c:/users/zhong/appdata/local/arduino15/packages/arduino/tools/arm-none-eabi-gcc/5.4-2016q2/bin/../lib/gcc/arm-none-eabi/5.4.1/armv7-m/crtbegin.o

.preinit_array  0x08001f80        0x0
                0x08001f80                PROVIDE (__preinit_array_start, .)
 *(.preinit_array*)
                0x08001f80                PROVIDE (__preinit_array_end, .)

.init_array     0x08001f80       0x10
                0x08001f80                PROVIDE (__init_array_start, .)
 *(SORT(.init_array.*))
 *(.init_array*)
 .init_array    0x08001f80        0x4 c:/users/zhong/appdata/local/arduino15/packages/arduino/tools/arm-none-eabi-gcc/5.4-2016q2/bin/../lib/gcc/arm-none-eabi/5.4.1/armv7-m/crtbegin.o
 .init_array    0x08001f84        0x4 C:\Users\zhong\AppData\Local\Temp\arduino_build_599293\libraries\HardwareTimerLL\hardwareTimerLL.cpp.o
 .init_array    0x08001f88        0x4 C:\Users\zhong\AppData\Local\Temp\arduino_build_599293/core\core.a(HardwareSerial.cpp.o)
 .init_array    0x08001f8c        0x4 C:\Users\zhong\AppData\Local\Temp\arduino_build_599293/core\core.a(stm32_gpio.cpp.o)
                0x08001f90                PROVIDE (__init_array_end, .)

.fini_array     0x08001f90        0x4
                [!provide]                PROVIDE (__fini_array_start, .)
 *(SORT(.fini_array.*))
 *(.fini_array*)
 .fini_array    0x08001f90        0x4 c:/users/zhong/appdata/local/arduino15/packages/arduino/tools/arm-none-eabi-gcc/5.4-2016q2/bin/../lib/gcc/arm-none-eabi/5.4.1/armv7-m/crtbegin.o
                [!provide]                PROVIDE (__fini_array_end, .)
                0x08001f94                _sidata = LOADADDR (.data)

.data           0x20000000       0x74 load address 0x08001f94
                0x20000000                . = ALIGN (0x4)
                0x20000000                _sdata = .
 *(.data)
 *(.data*)
 .data.heap_end.10416
                0x20000000        0x4 C:\Users\zhong\AppData\Local\Temp\arduino_build_599293/core\core.a(syscalls.c.o)
 .data.uwTickPrio
                0x20000004        0x4 C:\Users\zhong\AppData\Local\Temp\arduino_build_599293/core\core.a(stm32XXxx_hal.c.o)
                0x20000004                uwTickPrio
 .data.uwTickFreq
                0x20000008        0x1 C:\Users\zhong\AppData\Local\Temp\arduino_build_599293/core\core.a(stm32XXxx_hal.c.o)
                0x20000008                uwTickFreq
 *fill*         0x20000009        0x3 
 .data.SystemCoreClock
                0x2000000c        0x4 C:\Users\zhong\AppData\Local\Temp\arduino_build_599293/core\core.a(system_stm32XXxx.c.o)
                0x2000000c                SystemCoreClock
 .data.impure_data
                0x20000010       0x60 c:/users/zhong/appdata/local/arduino15/packages/arduino/tools/arm-none-eabi-gcc/5.4-2016q2/bin/../lib/gcc/arm-none-eabi/5.4.1/../../../../arm-none-eabi/lib/armv7-m\libc_nano.a(lib_a-impure.o)
 .data._impure_ptr
                0x20000070        0x4 c:/users/zhong/appdata/local/arduino15/packages/arduino/tools/arm-none-eabi-gcc/5.4-2016q2/bin/../lib/gcc/arm-none-eabi/5.4.1/../../../../arm-none-eabi/lib/armv7-m\libc_nano.a(lib_a-impure.o)
                0x20000070                _impure_ptr
                0x20000074                . = ALIGN (0x4)
                0x20000074                _edata = .

.jcr            0x20000074        0x0 load address 0x08002008
 .jcr           0x20000074        0x0 c:/users/zhong/appdata/local/arduino15/packages/arduino/tools/arm-none-eabi-gcc/5.4-2016q2/bin/../lib/gcc/arm-none-eabi/5.4.1/armv7-m/crtbegin.o

.igot.plt       0x20000074        0x0 load address 0x08002008
 .igot.plt      0x20000074        0x0 c:/users/zhong/appdata/local/arduino15/packages/arduino/tools/arm-none-eabi-gcc/5.4-2016q2/bin/../lib/gcc/arm-none-eabi/5.4.1/armv7-m/crtbegin.o
                0x20000074                . = ALIGN (0x4)

.bss            0x20000078      0x284 load address 0x08002008
                0x20000078                _sbss = .
                0x20000078                __bss_start__ = _sbss
 *(.bss)
 .bss           0x20000078       0x1c c:/users/zhong/appdata/local/arduino15/packages/arduino/tools/arm-none-eabi-gcc/5.4-2016q2/bin/../lib/gcc/arm-none-eabi/5.4.1/armv7-m/crtbegin.o
 *(.bss*)
 .bss.interruptTimer2
                0x20000094        0x4 C:\Users\zhong\AppData\Local\Temp\arduino_build_599293\libraries\HardwareTimerLL\hardwareTimerLL.cpp.o
                0x20000094                interruptTimer2
 .bss.TimerLL2  0x20000098        0x8 C:\Users\zhong\AppData\Local\Temp\arduino_build_599293\libraries\HardwareTimerLL\hardwareTimerLL.cpp.o
                0x20000098                TimerLL2
 .bss._ZZN14HardwareSerial5beginEmhE2tx
                0x200000a0       0x80 C:\Users\zhong\AppData\Local\Temp\arduino_build_599293/core\core.a(HardwareSerial.cpp.o)
 .bss._ZZN14HardwareSerial5beginEmhE14static_tx_used
                0x20000120        0x1 C:\Users\zhong\AppData\Local\Temp\arduino_build_599293/core\core.a(HardwareSerial.cpp.o)
 .bss._ZZN14HardwareSerial5beginEmhE2rx
                0x20000121       0x80 C:\Users\zhong\AppData\Local\Temp\arduino_build_599293/core\core.a(HardwareSerial.cpp.o)
 .bss._ZZN14HardwareSerial5beginEmhE18static_handle_used
                0x200001a1        0x1 C:\Users\zhong\AppData\Local\Temp\arduino_build_599293/core\core.a(HardwareSerial.cpp.o)
 *fill*         0x200001a2        0x2 
 .bss.interruptUART
                0x200001a4        0x4 C:\Users\zhong\AppData\Local\Temp\arduino_build_599293/core\core.a(HardwareSerial.cpp.o)
                0x200001a4                interruptUART
 .bss._ZZN14HardwareSerial5beginEmhE14static_rx_used
                0x200001a8        0x1 C:\Users\zhong\AppData\Local\Temp\arduino_build_599293/core\core.a(HardwareSerial.cpp.o)
 *fill*         0x200001a9        0x3 
 .bss.SerialUART2
                0x200001ac       0x30 C:\Users\zhong\AppData\Local\Temp\arduino_build_599293/core\core.a(HardwareSerial.cpp.o)
                0x200001ac                SerialUART2
 .bss.SerialUART1
                0x200001dc       0x30 C:\Users\zhong\AppData\Local\Temp\arduino_build_599293/core\core.a(HardwareSerial.cpp.o)
                0x200001dc                SerialUART1
 .bss._ZZN14HardwareSerial5beginEmhE1h
                0x2000020c       0x40 C:\Users\zhong\AppData\Local\Temp\arduino_build_599293/core\core.a(HardwareSerial.cpp.o)
 .bss.SerialUART3
                0x2000024c       0x30 C:\Users\zhong\AppData\Local\Temp\arduino_build_599293/core\core.a(HardwareSerial.cpp.o)
                0x2000024c                SerialUART3
 .bss._ZL5print
                0x2000027c        0x4 C:\Users\zhong\AppData\Local\Temp\arduino_build_599293/core\core.a(STM32System.cpp.o)
 .bss.DDRA      0x20000280        0xc C:\Users\zhong\AppData\Local\Temp\arduino_build_599293/core\core.a(stm32_gpio.cpp.o)
                0x20000280                DDRA
 .bss.DDRB      0x2000028c        0xc C:\Users\zhong\AppData\Local\Temp\arduino_build_599293/core\core.a(stm32_gpio.cpp.o)
                0x2000028c                DDRB
 .bss.DDRC      0x20000298        0xc C:\Users\zhong\AppData\Local\Temp\arduino_build_599293/core\core.a(stm32_gpio.cpp.o)
                0x20000298                DDRC
 .bss.DDRD      0x200002a4        0xc C:\Users\zhong\AppData\Local\Temp\arduino_build_599293/core\core.a(stm32_gpio.cpp.o)
                0x200002a4                DDRD
 .bss.DDRE      0x200002b0        0xc C:\Users\zhong\AppData\Local\Temp\arduino_build_599293/core\core.a(stm32_gpio.cpp.o)
                0x200002b0                DDRE
 .bss.stm32_pwm_disable_callback
                0x200002bc        0x4 C:\Users\zhong\AppData\Local\Temp\arduino_build_599293/core\core.a(stm32_PWM.c.o)
                0x200002bc                stm32_pwm_disable_callback
 .bss.__malloc_sbrk_start
                0x200002c0        0x4 c:/users/zhong/appdata/local/arduino15/packages/arduino/tools/arm-none-eabi-gcc/5.4-2016q2/bin/../lib/gcc/arm-none-eabi/5.4.1/../../../../arm-none-eabi/lib/armv7-m\libc_nano.a(lib_a-nano-mallocr.o)
                0x200002c0                __malloc_sbrk_start
 .bss.__malloc_free_list
                0x200002c4        0x4 c:/users/zhong/appdata/local/arduino15/packages/arduino/tools/arm-none-eabi-gcc/5.4-2016q2/bin/../lib/gcc/arm-none-eabi/5.4.1/../../../../arm-none-eabi/lib/armv7-m\libc_nano.a(lib_a-nano-mallocr.o)
                0x200002c4                __malloc_free_list
 *(COMMON)
 COMMON         0x200002c8       0x28 C:\Users\zhong\AppData\Local\Temp\arduino_build_599293/core\core.a(stm32XXxx_hal.c.o)
                0x200002c8                uwTick
                0x200002d0                pFlash
 COMMON         0x200002f0        0x8 C:\Users\zhong\AppData\Local\Temp\arduino_build_599293/core\core.a(stm32_PWM.c.o)
                0x200002f0                pwm_callback_func
                0x200002f4                handle
 COMMON         0x200002f8        0x4 c:/users/zhong/appdata/local/arduino15/packages/arduino/tools/arm-none-eabi-gcc/5.4-2016q2/bin/../lib/gcc/arm-none-eabi/5.4.1/../../../../arm-none-eabi/lib/armv7-m\libc_nano.a(lib_a-reent.o)
                0x200002f8                errno
                0x200002fc                . = ALIGN (0x4)
                0x200002fc                _ebss = .
                0x200002fc                __bss_end__ = _ebss

._user_heap_stack
                0x200002fc      0x604 load address 0x08002008
                0x20000300                . = ALIGN (0x8)
 *fill*         0x200002fc        0x4 
                [!provide]                PROVIDE (end, .)
                0x20000300                PROVIDE (_end, .)
                0x20000500                . = (. + _Min_Heap_Size)
 *fill*         0x20000300      0x200 
                0x20000900                . = (. + _Min_Stack_Size)
 *fill*         0x20000500      0x400 
                0x20000900                . = ALIGN (0x8)

/DISCARD/
 libc.a(*)
 libm.a(*)
 libgcc.a(*)

.ARM.attributes
                0x00000000       0x29
 *(.ARM.attributes)
 .ARM.attributes
                0x00000000       0x1d c:/users/zhong/appdata/local/arduino15/packages/arduino/tools/arm-none-eabi-gcc/5.4-2016q2/bin/../lib/gcc/arm-none-eabi/5.4.1/armv7-m/crti.o
 .ARM.attributes
                0x0000001d       0x2d c:/users/zhong/appdata/local/arduino15/packages/arduino/tools/arm-none-eabi-gcc/5.4-2016q2/bin/../lib/gcc/arm-none-eabi/5.4.1/armv7-m/crtbegin.o
 .ARM.attributes
                0x0000004a       0x33 C:\Users\zhong\AppData\Local\Temp\arduino_build_599293\sketch\HardwareTimerLLInterrupt.ino.cpp.o
 .ARM.attributes
                0x0000007d       0x33 C:\Users\zhong\AppData\Local\Temp\arduino_build_599293\libraries\HardwareTimerLL\hardwareTimerLL.cpp.o
 .ARM.attributes
                0x000000b0       0x33 C:\Users\zhong\AppData\Local\Temp\arduino_build_599293\core\variant.c.o
 .ARM.attributes
                0x000000e3       0x21 C:\Users\zhong\AppData\Local\Temp\arduino_build_599293/core\core.a(startup_stm32XXXXxe.S.o)
 .ARM.attributes
                0x00000104       0x33 C:\Users\zhong\AppData\Local\Temp\arduino_build_599293/core\core.a(hooks.c.o)
 .ARM.attributes
                0x00000137       0x33 C:\Users\zhong\AppData\Local\Temp\arduino_build_599293/core\core.a(syscalls.c.o)
 .ARM.attributes
                0x0000016a       0x33 C:\Users\zhong\AppData\Local\Temp\arduino_build_599293/core\core.a(stm32XXxx_hal.c.o)
 .ARM.attributes
                0x0000019d       0x33 C:\Users\zhong\AppData\Local\Temp\arduino_build_599293/core\core.a(stm32XXxx_hal_ex.c.o)
 .ARM.attributes
                0x000001d0       0x33 C:\Users\zhong\AppData\Local\Temp\arduino_build_599293/core\core.a(system_stm32XXxx.c.o)
 .ARM.attributes
                0x00000203       0x33 C:\Users\zhong\AppData\Local\Temp\arduino_build_599293/core\core.a(Print.cpp.o)
 .ARM.attributes
                0x00000236       0x33 C:\Users\zhong\AppData\Local\Temp\arduino_build_599293/core\core.a(main.cpp.o)
 .ARM.attributes
                0x00000269       0x33 C:\Users\zhong\AppData\Local\Temp\arduino_build_599293/core\core.a(new.cpp.o)
 .ARM.attributes
                0x0000029c       0x33 C:\Users\zhong\AppData\Local\Temp\arduino_build_599293/core\core.a(HardwareSerial.cpp.o)
 .ARM.attributes
                0x000002cf       0x33 C:\Users\zhong\AppData\Local\Temp\arduino_build_599293/core\core.a(STM32System.cpp.o)
 .ARM.attributes
                0x00000302       0x33 C:\Users\zhong\AppData\Local\Temp\arduino_build_599293/core\core.a(stm32_gpio.cpp.o)
 .ARM.attributes
                0x00000335       0x33 C:\Users\zhong\AppData\Local\Temp\arduino_build_599293/core\core.a(stm32_PWM.c.o)
 .ARM.attributes
                0x00000368       0x33 C:\Users\zhong\AppData\Local\Temp\arduino_build_599293/core\core.a(stm32_gpio_af.c.o)
 .ARM.attributes
                0x0000039b       0x33 C:\Users\zhong\AppData\Local\Temp\arduino_build_599293/core\core.a(stm32_gpio_af_F1.c.o)
 .ARM.attributes
                0x000003ce       0x33 C:\Users\zhong\AppData\Local\Temp\arduino_build_599293/core\core.a(stm32_init.c.o)
 .ARM.attributes
                0x00000401       0x33 C:\Users\zhong\AppData\Local\Temp\arduino_build_599293/core\core.a(stm32_pin_list.c.o)
 .ARM.attributes
                0x00000434       0x2d c:/users/zhong/appdata/local/arduino15/packages/arduino/tools/arm-none-eabi-gcc/5.4-2016q2/bin/../lib/gcc/arm-none-eabi/5.4.1/../../../../arm-none-eabi/lib/armv7-m\libc_nano.a(lib_a-impure.o)
 .ARM.attributes
                0x00000461       0x2d c:/users/zhong/appdata/local/arduino15/packages/arduino/tools/arm-none-eabi-gcc/5.4-2016q2/bin/../lib/gcc/arm-none-eabi/5.4.1/../../../../arm-none-eabi/lib/armv7-m\libc_nano.a(lib_a-init.o)
 .ARM.attributes
                0x0000048e       0x2d c:/users/zhong/appdata/local/arduino15/packages/arduino/tools/arm-none-eabi-gcc/5.4-2016q2/bin/../lib/gcc/arm-none-eabi/5.4.1/../../../../arm-none-eabi/lib/armv7-m\libc_nano.a(lib_a-malloc.o)
 .ARM.attributes
                0x000004bb       0x2d c:/users/zhong/appdata/local/arduino15/packages/arduino/tools/arm-none-eabi-gcc/5.4-2016q2/bin/../lib/gcc/arm-none-eabi/5.4.1/../../../../arm-none-eabi/lib/armv7-m\libc_nano.a(lib_a-nano-freer.o)
 .ARM.attributes
                0x000004e8       0x2d c:/users/zhong/appdata/local/arduino15/packages/arduino/tools/arm-none-eabi-gcc/5.4-2016q2/bin/../lib/gcc/arm-none-eabi/5.4.1/../../../../arm-none-eabi/lib/armv7-m\libc_nano.a(lib_a-nano-mallocr.o)
 .ARM.attributes
                0x00000515       0x2d c:/users/zhong/appdata/local/arduino15/packages/arduino/tools/arm-none-eabi-gcc/5.4-2016q2/bin/../lib/gcc/arm-none-eabi/5.4.1/../../../../arm-none-eabi/lib/armv7-m\libc_nano.a(lib_a-reent.o)
 .ARM.attributes
                0x00000542       0x2d c:/users/zhong/appdata/local/arduino15/packages/arduino/tools/arm-none-eabi-gcc/5.4-2016q2/bin/../lib/gcc/arm-none-eabi/5.4.1/../../../../arm-none-eabi/lib/armv7-m\libc_nano.a(lib_a-sbrkr.o)
 .ARM.attributes
                0x0000056f       0x17 c:/users/zhong/appdata/local/arduino15/packages/arduino/tools/arm-none-eabi-gcc/5.4-2016q2/bin/../lib/gcc/arm-none-eabi/5.4.1/../../../../arm-none-eabi/lib/armv7-m\libc_nano.a(lib_a-strlen.o)
 .ARM.attributes
                0x00000586       0x2d c:/users/zhong/appdata/local/arduino15/packages/arduino/tools/arm-none-eabi-gcc/5.4-2016q2/bin/../lib/gcc/arm-none-eabi/5.4.1/../../../../arm-none-eabi/lib/armv7-m\libc_nano.a(lib_a-syskill.o)
 .ARM.attributes
                0x000005b3       0x2d c:/users/zhong/appdata/local/arduino15/packages/arduino/tools/arm-none-eabi-gcc/5.4-2016q2/bin/../lib/gcc/arm-none-eabi/5.4.1/../../../../arm-none-eabi/lib/armv7-m\libc_nano.a(lib_a-syslink.o)
 .ARM.attributes
                0x000005e0       0x2d c:/users/zhong/appdata/local/arduino15/packages/arduino/tools/arm-none-eabi-gcc/5.4-2016q2/bin/../lib/gcc/arm-none-eabi/5.4.1/../../../../arm-none-eabi/lib/armv7-m\libc_nano.a(lib_a-findfp.o)
 .ARM.attributes
                0x0000060d       0x2d c:/users/zhong/appdata/local/arduino15/packages/arduino/tools/arm-none-eabi-gcc/5.4-2016q2/bin/../lib/gcc/arm-none-eabi/5.4.1/../../../../arm-none-eabi/lib/armv7-m\libc_nano.a(lib_a-linkr.o)
 .ARM.attributes
                0x0000063a       0x2d c:/users/zhong/appdata/local/arduino15/packages/arduino/tools/arm-none-eabi-gcc/5.4-2016q2/bin/../lib/gcc/arm-none-eabi/5.4.1/../../../../arm-none-eabi/lib/armv7-m\libc_nano.a(lib_a-mlock.o)
 .ARM.attributes
                0x00000667       0x2d c:/users/zhong/appdata/local/arduino15/packages/arduino/tools/arm-none-eabi-gcc/5.4-2016q2/bin/../lib/gcc/arm-none-eabi/5.4.1/../../../../arm-none-eabi/lib/armv7-m\libc_nano.a(lib_a-signalr.o)
 .ARM.attributes
                0x00000694       0x1d c:/users/zhong/appdata/local/arduino15/packages/arduino/tools/arm-none-eabi-gcc/5.4-2016q2/bin/../lib/gcc/arm-none-eabi/5.4.1/armv7-m\libgcc.a(_aeabi_uldivmod.o)
 .ARM.attributes
                0x000006b1       0x2d c:/users/zhong/appdata/local/arduino15/packages/arduino/tools/arm-none-eabi-gcc/5.4-2016q2/bin/../lib/gcc/arm-none-eabi/5.4.1/armv7-m\libgcc.a(_udivmoddi4.o)
 .ARM.attributes
                0x000006de       0x1d c:/users/zhong/appdata/local/arduino15/packages/arduino/tools/arm-none-eabi-gcc/5.4-2016q2/bin/../lib/gcc/arm-none-eabi/5.4.1/armv7-m\libgcc.a(_dvmd_tls.o)
 .ARM.attributes
                0x000006fb       0x1d c:/users/zhong/appdata/local/arduino15/packages/arduino/tools/arm-none-eabi-gcc/5.4-2016q2/bin/../lib/gcc/arm-none-eabi/5.4.1/armv7-m/crtn.o
OUTPUT(C:\Users\zhong\AppData\Local\Temp\arduino_build_599293/HardwareTimerLLInterrupt.ino.elf elf32-littlearm)

.debug_info     0x00000000    0x28eaa
 .debug_info    0x00000000     0x1369 C:\Users\zhong\AppData\Local\Temp\arduino_build_599293\sketch\HardwareTimerLLInterrupt.ino.cpp.o
 .debug_info    0x00001369     0x24e5 C:\Users\zhong\AppData\Local\Temp\arduino_build_599293\libraries\HardwareTimerLL\hardwareTimerLL.cpp.o
 .debug_info    0x0000384e      0x624 C:\Users\zhong\AppData\Local\Temp\arduino_build_599293\core\variant.c.o
 .debug_info    0x00003e72       0xc8 C:\Users\zhong\AppData\Local\Temp\arduino_build_599293/core\core.a(startup_stm32XXXXxe.S.o)
 .debug_info    0x00003f3a       0x33 C:\Users\zhong\AppData\Local\Temp\arduino_build_599293/core\core.a(hooks.c.o)
 .debug_info    0x00003f6d      0x8e8 C:\Users\zhong\AppData\Local\Temp\arduino_build_599293/core\core.a(syscalls.c.o)
 .debug_info    0x00004855    0x12b1e C:\Users\zhong\AppData\Local\Temp\arduino_build_599293/core\core.a(stm32XXxx_hal.c.o)
 .debug_info    0x00017373     0x48c2 C:\Users\zhong\AppData\Local\Temp\arduino_build_599293/core\core.a(stm32XXxx_hal_ex.c.o)
 .debug_info    0x0001bc35      0x3f4 C:\Users\zhong\AppData\Local\Temp\arduino_build_599293/core\core.a(system_stm32XXxx.c.o)
 .debug_info    0x0001c029     0x3675 C:\Users\zhong\AppData\Local\Temp\arduino_build_599293/core\core.a(Print.cpp.o)
 .debug_info    0x0001f69e      0xbbe C:\Users\zhong\AppData\Local\Temp\arduino_build_599293/core\core.a(main.cpp.o)
 .debug_info    0x0002025c      0x19f C:\Users\zhong\AppData\Local\Temp\arduino_build_599293/core\core.a(new.cpp.o)
 .debug_info    0x000203fb     0x32de C:\Users\zhong\AppData\Local\Temp\arduino_build_599293/core\core.a(HardwareSerial.cpp.o)
 .debug_info    0x000236d9      0xeca C:\Users\zhong\AppData\Local\Temp\arduino_build_599293/core\core.a(STM32System.cpp.o)
 .debug_info    0x000245a3     0x173d C:\Users\zhong\AppData\Local\Temp\arduino_build_599293/core\core.a(stm32_gpio.cpp.o)
 .debug_info    0x00025ce0      0xf52 C:\Users\zhong\AppData\Local\Temp\arduino_build_599293/core\core.a(stm32_PWM.c.o)
 .debug_info    0x00026c32     0x1548 C:\Users\zhong\AppData\Local\Temp\arduino_build_599293/core\core.a(stm32_gpio_af.c.o)
 .debug_info    0x0002817a      0x5cf C:\Users\zhong\AppData\Local\Temp\arduino_build_599293/core\core.a(stm32_gpio_af_F1.c.o)
 .debug_info    0x00028749      0x427 C:\Users\zhong\AppData\Local\Temp\arduino_build_599293/core\core.a(stm32_init.c.o)
 .debug_info    0x00028b70      0x33a C:\Users\zhong\AppData\Local\Temp\arduino_build_599293/core\core.a(stm32_pin_list.c.o)

.debug_abbrev   0x00000000     0x38f1
 .debug_abbrev  0x00000000      0x353 C:\Users\zhong\AppData\Local\Temp\arduino_build_599293\sketch\HardwareTimerLLInterrupt.ino.cpp.o
 .debug_abbrev  0x00000353      0x439 C:\Users\zhong\AppData\Local\Temp\arduino_build_599293\libraries\HardwareTimerLL\hardwareTimerLL.cpp.o
 .debug_abbrev  0x0000078c      0x190 C:\Users\zhong\AppData\Local\Temp\arduino_build_599293\core\variant.c.o
 .debug_abbrev  0x0000091c       0x12 C:\Users\zhong\AppData\Local\Temp\arduino_build_599293/core\core.a(startup_stm32XXXXxe.S.o)
 .debug_abbrev  0x0000092e       0x26 C:\Users\zhong\AppData\Local\Temp\arduino_build_599293/core\core.a(hooks.c.o)
 .debug_abbrev  0x00000954      0x269 C:\Users\zhong\AppData\Local\Temp\arduino_build_599293/core\core.a(syscalls.c.o)
 .debug_abbrev  0x00000bbd      0x739 C:\Users\zhong\AppData\Local\Temp\arduino_build_599293/core\core.a(stm32XXxx_hal.c.o)
 .debug_abbrev  0x000012f6      0x571 C:\Users\zhong\AppData\Local\Temp\arduino_build_599293/core\core.a(stm32XXxx_hal_ex.c.o)
 .debug_abbrev  0x00001867      0x145 C:\Users\zhong\AppData\Local\Temp\arduino_build_599293/core\core.a(system_stm32XXxx.c.o)
 .debug_abbrev  0x000019ac      0x583 C:\Users\zhong\AppData\Local\Temp\arduino_build_599293/core\core.a(Print.cpp.o)
 .debug_abbrev  0x00001f2f      0x1f8 C:\Users\zhong\AppData\Local\Temp\arduino_build_599293/core\core.a(main.cpp.o)
 .debug_abbrev  0x00002127       0xdd C:\Users\zhong\AppData\Local\Temp\arduino_build_599293/core\core.a(new.cpp.o)
 .debug_abbrev  0x00002204      0x5f2 C:\Users\zhong\AppData\Local\Temp\arduino_build_599293/core\core.a(HardwareSerial.cpp.o)
 .debug_abbrev  0x000027f6      0x2bc C:\Users\zhong\AppData\Local\Temp\arduino_build_599293/core\core.a(STM32System.cpp.o)
 .debug_abbrev  0x00002ab2      0x424 C:\Users\zhong\AppData\Local\Temp\arduino_build_599293/core\core.a(stm32_gpio.cpp.o)
 .debug_abbrev  0x00002ed6      0x340 C:\Users\zhong\AppData\Local\Temp\arduino_build_599293/core\core.a(stm32_PWM.c.o)
 .debug_abbrev  0x00003216      0x2a5 C:\Users\zhong\AppData\Local\Temp\arduino_build_599293/core\core.a(stm32_gpio_af.c.o)
 .debug_abbrev  0x000034bb      0x1f5 C:\Users\zhong\AppData\Local\Temp\arduino_build_599293/core\core.a(stm32_gpio_af_F1.c.o)
 .debug_abbrev  0x000036b0      0x151 C:\Users\zhong\AppData\Local\Temp\arduino_build_599293/core\core.a(stm32_init.c.o)
 .debug_abbrev  0x00003801       0xf0 C:\Users\zhong\AppData\Local\Temp\arduino_build_599293/core\core.a(stm32_pin_list.c.o)

.debug_loc      0x00000000    0x17f5d
 .debug_loc     0x00000000       0xad C:\Users\zhong\AppData\Local\Temp\arduino_build_599293\sketch\HardwareTimerLLInterrupt.ino.cpp.o
 .debug_loc     0x000000ad      0x55f C:\Users\zhong\AppData\Local\Temp\arduino_build_599293\libraries\HardwareTimerLL\hardwareTimerLL.cpp.o
 .debug_loc     0x0000060c       0xa6 C:\Users\zhong\AppData\Local\Temp\arduino_build_599293\core\variant.c.o
 .debug_loc     0x000006b2      0x198 C:\Users\zhong\AppData\Local\Temp\arduino_build_599293/core\core.a(syscalls.c.o)
 .debug_loc     0x0000084a    0x116b2 C:\Users\zhong\AppData\Local\Temp\arduino_build_599293/core\core.a(stm32XXxx_hal.c.o)
 .debug_loc     0x00011efc     0x30ea C:\Users\zhong\AppData\Local\Temp\arduino_build_599293/core\core.a(stm32XXxx_hal_ex.c.o)
 .debug_loc     0x00014fe6       0xaa C:\Users\zhong\AppData\Local\Temp\arduino_build_599293/core\core.a(system_stm32XXxx.c.o)
 .debug_loc     0x00015090     0x16ee C:\Users\zhong\AppData\Local\Temp\arduino_build_599293/core\core.a(Print.cpp.o)
 .debug_loc     0x0001677e       0x63 C:\Users\zhong\AppData\Local\Temp\arduino_build_599293/core\core.a(new.cpp.o)
 .debug_loc     0x000167e1      0x265 C:\Users\zhong\AppData\Local\Temp\arduino_build_599293/core\core.a(HardwareSerial.cpp.o)
 .debug_loc     0x00016a46      0x191 C:\Users\zhong\AppData\Local\Temp\arduino_build_599293/core\core.a(STM32System.cpp.o)
 .debug_loc     0x00016bd7      0x5f2 C:\Users\zhong\AppData\Local\Temp\arduino_build_599293/core\core.a(stm32_gpio.cpp.o)
 .debug_loc     0x000171c9      0x378 C:\Users\zhong\AppData\Local\Temp\arduino_build_599293/core\core.a(stm32_PWM.c.o)
 .debug_loc     0x00017541      0x83a C:\Users\zhong\AppData\Local\Temp\arduino_build_599293/core\core.a(stm32_gpio_af.c.o)
 .debug_loc     0x00017d7b      0x1e2 C:\Users\zhong\AppData\Local\Temp\arduino_build_599293/core\core.a(stm32_gpio_af_F1.c.o)

.debug_aranges  0x00000000     0x1a30
 .debug_aranges
                0x00000000       0x30 C:\Users\zhong\AppData\Local\Temp\arduino_build_599293\sketch\HardwareTimerLLInterrupt.ino.cpp.o
 .debug_aranges
                0x00000030       0x90 C:\Users\zhong\AppData\Local\Temp\arduino_build_599293\libraries\HardwareTimerLL\hardwareTimerLL.cpp.o
 .debug_aranges
                0x000000c0       0x20 C:\Users\zhong\AppData\Local\Temp\arduino_build_599293\core\variant.c.o
 .debug_aranges
                0x000000e0       0x28 C:\Users\zhong\AppData\Local\Temp\arduino_build_599293/core\core.a(startup_stm32XXXXxe.S.o)
 .debug_aranges
                0x00000108       0x20 C:\Users\zhong\AppData\Local\Temp\arduino_build_599293/core\core.a(hooks.c.o)
 .debug_aranges
                0x00000128       0x88 C:\Users\zhong\AppData\Local\Temp\arduino_build_599293/core\core.a(syscalls.c.o)
 .debug_aranges
                0x000001b0     0x1040 C:\Users\zhong\AppData\Local\Temp\arduino_build_599293/core\core.a(stm32XXxx_hal.c.o)
 .debug_aranges
                0x000011f0      0x388 C:\Users\zhong\AppData\Local\Temp\arduino_build_599293/core\core.a(stm32XXxx_hal_ex.c.o)
 .debug_aranges
                0x00001578       0x30 C:\Users\zhong\AppData\Local\Temp\arduino_build_599293/core\core.a(system_stm32XXxx.c.o)
 .debug_aranges
                0x000015a8      0x120 C:\Users\zhong\AppData\Local\Temp\arduino_build_599293/core\core.a(Print.cpp.o)
 .debug_aranges
                0x000016c8       0x30 C:\Users\zhong\AppData\Local\Temp\arduino_build_599293/core\core.a(main.cpp.o)
 .debug_aranges
                0x000016f8       0x30 C:\Users\zhong\AppData\Local\Temp\arduino_build_599293/core\core.a(new.cpp.o)
 .debug_aranges
                0x00001728       0xc0 C:\Users\zhong\AppData\Local\Temp\arduino_build_599293/core\core.a(HardwareSerial.cpp.o)
 .debug_aranges
                0x000017e8       0x28 C:\Users\zhong\AppData\Local\Temp\arduino_build_599293/core\core.a(STM32System.cpp.o)
 .debug_aranges
                0x00001810       0x48 C:\Users\zhong\AppData\Local\Temp\arduino_build_599293/core\core.a(stm32_gpio.cpp.o)
 .debug_aranges
                0x00001858       0x80 C:\Users\zhong\AppData\Local\Temp\arduino_build_599293/core\core.a(stm32_PWM.c.o)
 .debug_aranges
                0x000018d8       0xe8 C:\Users\zhong\AppData\Local\Temp\arduino_build_599293/core\core.a(stm32_gpio_af.c.o)
 .debug_aranges
                0x000019c0       0x28 C:\Users\zhong\AppData\Local\Temp\arduino_build_599293/core\core.a(stm32_gpio_af_F1.c.o)
 .debug_aranges
                0x000019e8       0x30 C:\Users\zhong\AppData\Local\Temp\arduino_build_599293/core\core.a(stm32_init.c.o)
 .debug_aranges
                0x00001a18       0x18 C:\Users\zhong\AppData\Local\Temp\arduino_build_599293/core\core.a(stm32_pin_list.c.o)

.debug_ranges   0x00000000     0x2550
 .debug_ranges  0x00000000       0x38 C:\Users\zhong\AppData\Local\Temp\arduino_build_599293\sketch\HardwareTimerLLInterrupt.ino.cpp.o
 .debug_ranges  0x00000038       0x98 C:\Users\zhong\AppData\Local\Temp\arduino_build_599293\libraries\HardwareTimerLL\hardwareTimerLL.cpp.o
 .debug_ranges  0x000000d0       0x48 C:\Users\zhong\AppData\Local\Temp\arduino_build_599293\core\variant.c.o
 .debug_ranges  0x00000118       0x20 C:\Users\zhong\AppData\Local\Temp\arduino_build_599293/core\core.a(startup_stm32XXXXxe.S.o)
 .debug_ranges  0x00000138       0x10 C:\Users\zhong\AppData\Local\Temp\arduino_build_599293/core\core.a(hooks.c.o)
 .debug_ranges  0x00000148       0x78 C:\Users\zhong\AppData\Local\Temp\arduino_build_599293/core\core.a(syscalls.c.o)
 .debug_ranges  0x000001c0     0x1820 C:\Users\zhong\AppData\Local\Temp\arduino_build_599293/core\core.a(stm32XXxx_hal.c.o)
 .debug_ranges  0x000019e0      0x4e0 C:\Users\zhong\AppData\Local\Temp\arduino_build_599293/core\core.a(stm32XXxx_hal_ex.c.o)
 .debug_ranges  0x00001ec0       0x20 C:\Users\zhong\AppData\Local\Temp\arduino_build_599293/core\core.a(system_stm32XXxx.c.o)
 .debug_ranges  0x00001ee0      0x190 C:\Users\zhong\AppData\Local\Temp\arduino_build_599293/core\core.a(Print.cpp.o)
 .debug_ranges  0x00002070       0x20 C:\Users\zhong\AppData\Local\Temp\arduino_build_599293/core\core.a(main.cpp.o)
 .debug_ranges  0x00002090       0x20 C:\Users\zhong\AppData\Local\Temp\arduino_build_599293/core\core.a(new.cpp.o)
 .debug_ranges  0x000020b0      0x140 C:\Users\zhong\AppData\Local\Temp\arduino_build_599293/core\core.a(HardwareSerial.cpp.o)
 .debug_ranges  0x000021f0       0x30 C:\Users\zhong\AppData\Local\Temp\arduino_build_599293/core\core.a(STM32System.cpp.o)
 .debug_ranges  0x00002220       0x38 C:\Users\zhong\AppData\Local\Temp\arduino_build_599293/core\core.a(stm32_gpio.cpp.o)
 .debug_ranges  0x00002258      0x128 C:\Users\zhong\AppData\Local\Temp\arduino_build_599293/core\core.a(stm32_PWM.c.o)
 .debug_ranges  0x00002380      0x178 C:\Users\zhong\AppData\Local\Temp\arduino_build_599293/core\core.a(stm32_gpio_af.c.o)
 .debug_ranges  0x000024f8       0x18 C:\Users\zhong\AppData\Local\Temp\arduino_build_599293/core\core.a(stm32_gpio_af_F1.c.o)
 .debug_ranges  0x00002510       0x40 C:\Users\zhong\AppData\Local\Temp\arduino_build_599293/core\core.a(stm32_init.c.o)

.debug_line     0x00000000     0xe9c6
 .debug_line    0x00000000      0x585 C:\Users\zhong\AppData\Local\Temp\arduino_build_599293\sketch\HardwareTimerLLInterrupt.ino.cpp.o
 .debug_line    0x00000585      0x754 C:\Users\zhong\AppData\Local\Temp\arduino_build_599293\libraries\HardwareTimerLL\hardwareTimerLL.cpp.o
 .debug_line    0x00000cd9      0x3b3 C:\Users\zhong\AppData\Local\Temp\arduino_build_599293\core\variant.c.o
 .debug_line    0x0000108c       0xd0 C:\Users\zhong\AppData\Local\Temp\arduino_build_599293/core\core.a(startup_stm32XXXXxe.S.o)
 .debug_line    0x0000115c       0x8a C:\Users\zhong\AppData\Local\Temp\arduino_build_599293/core\core.a(hooks.c.o)
 .debug_line    0x000011e6      0x412 C:\Users\zhong\AppData\Local\Temp\arduino_build_599293/core\core.a(syscalls.c.o)
 .debug_line    0x000015f8     0x831e C:\Users\zhong\AppData\Local\Temp\arduino_build_599293/core\core.a(stm32XXxx_hal.c.o)
 .debug_line    0x00009916     0x1c04 C:\Users\zhong\AppData\Local\Temp\arduino_build_599293/core\core.a(stm32XXxx_hal_ex.c.o)
 .debug_line    0x0000b51a      0x2cf C:\Users\zhong\AppData\Local\Temp\arduino_build_599293/core\core.a(system_stm32XXxx.c.o)
 .debug_line    0x0000b7e9      0x798 C:\Users\zhong\AppData\Local\Temp\arduino_build_599293/core\core.a(Print.cpp.o)
 .debug_line    0x0000bf81      0x329 C:\Users\zhong\AppData\Local\Temp\arduino_build_599293/core\core.a(main.cpp.o)
 .debug_line    0x0000c2aa      0x1b3 C:\Users\zhong\AppData\Local\Temp\arduino_build_599293/core\core.a(new.cpp.o)
 .debug_line    0x0000c45d      0x749 C:\Users\zhong\AppData\Local\Temp\arduino_build_599293/core\core.a(HardwareSerial.cpp.o)
 .debug_line    0x0000cba6      0x40f C:\Users\zhong\AppData\Local\Temp\arduino_build_599293/core\core.a(STM32System.cpp.o)
 .debug_line    0x0000cfb5      0x515 C:\Users\zhong\AppData\Local\Temp\arduino_build_599293/core\core.a(stm32_gpio.cpp.o)
 .debug_line    0x0000d4ca      0x59c C:\Users\zhong\AppData\Local\Temp\arduino_build_599293/core\core.a(stm32_PWM.c.o)
 .debug_line    0x0000da66      0x672 C:\Users\zhong\AppData\Local\Temp\arduino_build_599293/core\core.a(stm32_gpio_af.c.o)
 .debug_line    0x0000e0d8      0x347 C:\Users\zhong\AppData\Local\Temp\arduino_build_599293/core\core.a(stm32_gpio_af_F1.c.o)
 .debug_line    0x0000e41f      0x32f C:\Users\zhong\AppData\Local\Temp\arduino_build_599293/core\core.a(stm32_init.c.o)
 .debug_line    0x0000e74e      0x278 C:\Users\zhong\AppData\Local\Temp\arduino_build_599293/core\core.a(stm32_pin_list.c.o)

.debug_str      0x00000000     0xa718
 .debug_str     0x00000000      0x95b C:\Users\zhong\AppData\Local\Temp\arduino_build_599293\sketch\HardwareTimerLLInterrupt.ino.cpp.o
                                0xa2f (size before relaxing)
 .debug_str     0x0000095b      0x9c4 C:\Users\zhong\AppData\Local\Temp\arduino_build_599293\libraries\HardwareTimerLL\hardwareTimerLL.cpp.o
                               0x136c (size before relaxing)
 .debug_str     0x0000131f      0x2cd C:\Users\zhong\AppData\Local\Temp\arduino_build_599293\core\variant.c.o
                                0x70d (size before relaxing)
 .debug_str     0x000015ec       0x63 C:\Users\zhong\AppData\Local\Temp\arduino_build_599293/core\core.a(hooks.c.o)
                                0x12e (size before relaxing)
 .debug_str     0x0000164f      0x293 C:\Users\zhong\AppData\Local\Temp\arduino_build_599293/core\core.a(syscalls.c.o)
                                0x563 (size before relaxing)
 .debug_str     0x000018e2     0x55d1 C:\Users\zhong\AppData\Local\Temp\arduino_build_599293/core\core.a(stm32XXxx_hal.c.o)
                               0x63cf (size before relaxing)
 .debug_str     0x00006eb3     0x1219 C:\Users\zhong\AppData\Local\Temp\arduino_build_599293/core\core.a(stm32XXxx_hal_ex.c.o)
                               0x2979 (size before relaxing)
 .debug_str     0x000080cc       0xa8 C:\Users\zhong\AppData\Local\Temp\arduino_build_599293/core\core.a(system_stm32XXxx.c.o)
                                0x31e (size before relaxing)
 .debug_str     0x00008174     0x1089 C:\Users\zhong\AppData\Local\Temp\arduino_build_599293/core\core.a(Print.cpp.o)
                               0x1603 (size before relaxing)
 .debug_str     0x000091fd       0x7e C:\Users\zhong\AppData\Local\Temp\arduino_build_599293/core\core.a(main.cpp.o)
                                0x511 (size before relaxing)
 .debug_str     0x0000927b       0x9f C:\Users\zhong\AppData\Local\Temp\arduino_build_599293/core\core.a(new.cpp.o)
                                0x259 (size before relaxing)
 .debug_str     0x0000931a      0x8e6 C:\Users\zhong\AppData\Local\Temp\arduino_build_599293/core\core.a(HardwareSerial.cpp.o)
                               0x21ff (size before relaxing)
 .debug_str     0x00009c00       0x98 C:\Users\zhong\AppData\Local\Temp\arduino_build_599293/core\core.a(STM32System.cpp.o)
                                0x62f (size before relaxing)
 .debug_str     0x00009c98      0x333 C:\Users\zhong\AppData\Local\Temp\arduino_build_599293/core\core.a(stm32_gpio.cpp.o)
                                0x983 (size before relaxing)
 .debug_str     0x00009fcb      0x1f7 C:\Users\zhong\AppData\Local\Temp\arduino_build_599293/core\core.a(stm32_PWM.c.o)
                                0xc2d (size before relaxing)
 .debug_str     0x0000a1c2      0x3e3 C:\Users\zhong\AppData\Local\Temp\arduino_build_599293/core\core.a(stm32_gpio_af.c.o)
                                0xa01 (size before relaxing)
 .debug_str     0x0000a5a5       0x87 C:\Users\zhong\AppData\Local\Temp\arduino_build_599293/core\core.a(stm32_gpio_af_F1.c.o)
                                0x3dc (size before relaxing)
 .debug_str     0x0000a62c       0x82 C:\Users\zhong\AppData\Local\Temp\arduino_build_599293/core\core.a(stm32_init.c.o)
                                0x5df (size before relaxing)
 .debug_str     0x0000a6ae       0x6a C:\Users\zhong\AppData\Local\Temp\arduino_build_599293/core\core.a(stm32_pin_list.c.o)
                                0x2db (size before relaxing)

.comment        0x00000000       0x6e
 .comment       0x00000000       0x6e C:\Users\zhong\AppData\Local\Temp\arduino_build_599293\sketch\HardwareTimerLLInterrupt.ino.cpp.o
                                 0x6f (size before relaxing)
 .comment       0x0000006e       0x6f C:\Users\zhong\AppData\Local\Temp\arduino_build_599293\libraries\HardwareTimerLL\hardwareTimerLL.cpp.o
 .comment       0x0000006e       0x6f C:\Users\zhong\AppData\Local\Temp\arduino_build_599293\core\variant.c.o
 .comment       0x0000006e       0x6f C:\Users\zhong\AppData\Local\Temp\arduino_build_599293/core\core.a(hooks.c.o)
 .comment       0x0000006e       0x6f C:\Users\zhong\AppData\Local\Temp\arduino_build_599293/core\core.a(syscalls.c.o)
 .comment       0x0000006e       0x6f C:\Users\zhong\AppData\Local\Temp\arduino_build_599293/core\core.a(stm32XXxx_hal.c.o)
 .comment       0x0000006e       0x6f C:\Users\zhong\AppData\Local\Temp\arduino_build_599293/core\core.a(stm32XXxx_hal_ex.c.o)
 .comment       0x0000006e       0x6f C:\Users\zhong\AppData\Local\Temp\arduino_build_599293/core\core.a(system_stm32XXxx.c.o)
 .comment       0x0000006e       0x6f C:\Users\zhong\AppData\Local\Temp\arduino_build_599293/core\core.a(Print.cpp.o)
 .comment       0x0000006e       0x6f C:\Users\zhong\AppData\Local\Temp\arduino_build_599293/core\core.a(main.cpp.o)
 .comment       0x0000006e       0x6f C:\Users\zhong\AppData\Local\Temp\arduino_build_599293/core\core.a(new.cpp.o)
 .comment       0x0000006e       0x6f C:\Users\zhong\AppData\Local\Temp\arduino_build_599293/core\core.a(HardwareSerial.cpp.o)
 .comment       0x0000006e       0x6f C:\Users\zhong\AppData\Local\Temp\arduino_build_599293/core\core.a(STM32System.cpp.o)
 .comment       0x0000006e       0x6f C:\Users\zhong\AppData\Local\Temp\arduino_build_599293/core\core.a(stm32_gpio.cpp.o)
 .comment       0x0000006e       0x6f C:\Users\zhong\AppData\Local\Temp\arduino_build_599293/core\core.a(stm32_PWM.c.o)
 .comment       0x0000006e       0x6f C:\Users\zhong\AppData\Local\Temp\arduino_build_599293/core\core.a(stm32_gpio_af.c.o)
 .comment       0x0000006e       0x6f C:\Users\zhong\AppData\Local\Temp\arduino_build_599293/core\core.a(stm32_gpio_af_F1.c.o)
 .comment       0x0000006e       0x6f C:\Users\zhong\AppData\Local\Temp\arduino_build_599293/core\core.a(stm32_init.c.o)
 .comment       0x0000006e       0x6f C:\Users\zhong\AppData\Local\Temp\arduino_build_599293/core\core.a(stm32_pin_list.c.o)

.debug_frame    0x00000000     0x5604
 .debug_frame   0x00000000       0x60 C:\Users\zhong\AppData\Local\Temp\arduino_build_599293\sketch\HardwareTimerLLInterrupt.ino.cpp.o
 .debug_frame   0x00000060      0x118 C:\Users\zhong\AppData\Local\Temp\arduino_build_599293\libraries\HardwareTimerLL\hardwareTimerLL.cpp.o
 .debug_frame   0x00000178       0x28 C:\Users\zhong\AppData\Local\Temp\arduino_build_599293\core\variant.c.o
 .debug_frame   0x000001a0       0x20 C:\Users\zhong\AppData\Local\Temp\arduino_build_599293/core\core.a(hooks.c.o)
 .debug_frame   0x000001c0      0x118 C:\Users\zhong\AppData\Local\Temp\arduino_build_599293/core\core.a(syscalls.c.o)
 .debug_frame   0x000002d8     0x37f0 C:\Users\zhong\AppData\Local\Temp\arduino_build_599293/core\core.a(stm32XXxx_hal.c.o)
 .debug_frame   0x00003ac8      0xb7c C:\Users\zhong\AppData\Local\Temp\arduino_build_599293/core\core.a(stm32XXxx_hal_ex.c.o)
 .debug_frame   0x00004644       0x48 C:\Users\zhong\AppData\Local\Temp\arduino_build_599293/core\core.a(system_stm32XXxx.c.o)
 .debug_frame   0x0000468c      0x418 C:\Users\zhong\AppData\Local\Temp\arduino_build_599293/core\core.a(Print.cpp.o)
 .debug_frame   0x00004aa4       0x58 C:\Users\zhong\AppData\Local\Temp\arduino_build_599293/core\core.a(main.cpp.o)
 .debug_frame   0x00004afc       0x70 C:\Users\zhong\AppData\Local\Temp\arduino_build_599293/core\core.a(new.cpp.o)
 .debug_frame   0x00004b6c      0x1a8 C:\Users\zhong\AppData\Local\Temp\arduino_build_599293/core\core.a(HardwareSerial.cpp.o)
 .debug_frame   0x00004d14       0x48 C:\Users\zhong\AppData\Local\Temp\arduino_build_599293/core\core.a(STM32System.cpp.o)
 .debug_frame   0x00004d5c       0xc0 C:\Users\zhong\AppData\Local\Temp\arduino_build_599293/core\core.a(stm32_gpio.cpp.o)
 .debug_frame   0x00004e1c      0x13c C:\Users\zhong\AppData\Local\Temp\arduino_build_599293/core\core.a(stm32_PWM.c.o)
 .debug_frame   0x00004f58      0x25c C:\Users\zhong\AppData\Local\Temp\arduino_build_599293/core\core.a(stm32_gpio_af.c.o)
 .debug_frame   0x000051b4       0x50 C:\Users\zhong\AppData\Local\Temp\arduino_build_599293/core\core.a(stm32_gpio_af_F1.c.o)
 .debug_frame   0x00005204       0x60 C:\Users\zhong\AppData\Local\Temp\arduino_build_599293/core\core.a(stm32_init.c.o)
 .debug_frame   0x00005264       0x2c c:/users/zhong/appdata/local/arduino15/packages/arduino/tools/arm-none-eabi-gcc/5.4-2016q2/bin/../lib/gcc/arm-none-eabi/5.4.1/../../../../arm-none-eabi/lib/armv7-m\libc_nano.a(lib_a-init.o)
 .debug_frame   0x00005290       0x30 c:/users/zhong/appdata/local/arduino15/packages/arduino/tools/arm-none-eabi-gcc/5.4-2016q2/bin/../lib/gcc/arm-none-eabi/5.4.1/../../../../arm-none-eabi/lib/armv7-m\libc_nano.a(lib_a-malloc.o)
 .debug_frame   0x000052c0       0x38 c:/users/zhong/appdata/local/arduino15/packages/arduino/tools/arm-none-eabi-gcc/5.4-2016q2/bin/../lib/gcc/arm-none-eabi/5.4.1/../../../../arm-none-eabi/lib/armv7-m\libc_nano.a(lib_a-nano-freer.o)
 .debug_frame   0x000052f8       0x2c c:/users/zhong/appdata/local/arduino15/packages/arduino/tools/arm-none-eabi-gcc/5.4-2016q2/bin/../lib/gcc/arm-none-eabi/5.4.1/../../../../arm-none-eabi/lib/armv7-m\libc_nano.a(lib_a-nano-mallocr.o)
 .debug_frame   0x00005324       0x5c c:/users/zhong/appdata/local/arduino15/packages/arduino/tools/arm-none-eabi-gcc/5.4-2016q2/bin/../lib/gcc/arm-none-eabi/5.4.1/../../../../arm-none-eabi/lib/armv7-m\libc_nano.a(lib_a-reent.o)
 .debug_frame   0x00005380       0x2c c:/users/zhong/appdata/local/arduino15/packages/arduino/tools/arm-none-eabi-gcc/5.4-2016q2/bin/../lib/gcc/arm-none-eabi/5.4.1/../../../../arm-none-eabi/lib/armv7-m\libc_nano.a(lib_a-sbrkr.o)
 .debug_frame   0x000053ac       0x20 c:/users/zhong/appdata/local/arduino15/packages/arduino/tools/arm-none-eabi-gcc/5.4-2016q2/bin/../lib/gcc/arm-none-eabi/5.4.1/../../../../arm-none-eabi/lib/armv7-m\libc_nano.a(lib_a-syskill.o)
 .debug_frame   0x000053cc       0x20 c:/users/zhong/appdata/local/arduino15/packages/arduino/tools/arm-none-eabi-gcc/5.4-2016q2/bin/../lib/gcc/arm-none-eabi/5.4.1/../../../../arm-none-eabi/lib/armv7-m\libc_nano.a(lib_a-syslink.o)
 .debug_frame   0x000053ec      0x11c c:/users/zhong/appdata/local/arduino15/packages/arduino/tools/arm-none-eabi-gcc/5.4-2016q2/bin/../lib/gcc/arm-none-eabi/5.4.1/../../../../arm-none-eabi/lib/armv7-m\libc_nano.a(lib_a-findfp.o)
 .debug_frame   0x00005508       0x2c c:/users/zhong/appdata/local/arduino15/packages/arduino/tools/arm-none-eabi-gcc/5.4-2016q2/bin/../lib/gcc/arm-none-eabi/5.4.1/../../../../arm-none-eabi/lib/armv7-m\libc_nano.a(lib_a-linkr.o)
 .debug_frame   0x00005534       0x30 c:/users/zhong/appdata/local/arduino15/packages/arduino/tools/arm-none-eabi-gcc/5.4-2016q2/bin/../lib/gcc/arm-none-eabi/5.4.1/../../../../arm-none-eabi/lib/armv7-m\libc_nano.a(lib_a-mlock.o)
 .debug_frame   0x00005564       0x3c c:/users/zhong/appdata/local/arduino15/packages/arduino/tools/arm-none-eabi-gcc/5.4-2016q2/bin/../lib/gcc/arm-none-eabi/5.4.1/../../../../arm-none-eabi/lib/armv7-m\libc_nano.a(lib_a-signalr.o)
 .debug_frame   0x000055a0       0x2c c:/users/zhong/appdata/local/arduino15/packages/arduino/tools/arm-none-eabi-gcc/5.4-2016q2/bin/../lib/gcc/arm-none-eabi/5.4.1/armv7-m\libgcc.a(_aeabi_uldivmod.o)
 .debug_frame   0x000055cc       0x38 c:/users/zhong/appdata/local/arduino15/packages/arduino/tools/arm-none-eabi-gcc/5.4-2016q2/bin/../lib/gcc/arm-none-eabi/5.4.1/armv7-m\libgcc.a(_udivmoddi4.o)

Cross Reference Table

Symbol                                            File
ADC1_2_IRQHandler                                 C:\Users\zhong\AppData\Local\Temp\arduino_build_599293/core\core.a(startup_stm32XXXXxe.S.o)
ADC_ConversionStop_Disable                        C:\Users\zhong\AppData\Local\Temp\arduino_build_599293/core\core.a(stm32XXxx_hal.c.o)
                                                  C:\Users\zhong\AppData\Local\Temp\arduino_build_599293/core\core.a(stm32XXxx_hal_ex.c.o)
ADC_DMAConvCplt                                   C:\Users\zhong\AppData\Local\Temp\arduino_build_599293/core\core.a(stm32XXxx_hal.c.o)
                                                  C:\Users\zhong\AppData\Local\Temp\arduino_build_599293/core\core.a(stm32XXxx_hal_ex.c.o)
ADC_DMAError                                      C:\Users\zhong\AppData\Local\Temp\arduino_build_599293/core\core.a(stm32XXxx_hal.c.o)
                                                  C:\Users\zhong\AppData\Local\Temp\arduino_build_599293/core\core.a(stm32XXxx_hal_ex.c.o)
ADC_DMAHalfConvCplt                               C:\Users\zhong\AppData\Local\Temp\arduino_build_599293/core\core.a(stm32XXxx_hal.c.o)
                                                  C:\Users\zhong\AppData\Local\Temp\arduino_build_599293/core\core.a(stm32XXxx_hal_ex.c.o)
ADC_Enable                                        C:\Users\zhong\AppData\Local\Temp\arduino_build_599293/core\core.a(stm32XXxx_hal.c.o)
                                                  C:\Users\zhong\AppData\Local\Temp\arduino_build_599293/core\core.a(stm32XXxx_hal_ex.c.o)
AHBPrescTable                                     C:\Users\zhong\AppData\Local\Temp\arduino_build_599293/core\core.a(system_stm32XXxx.c.o)
                                                  C:\Users\zhong\AppData\Local\Temp\arduino_build_599293/core\core.a(stm32XXxx_hal.c.o)
APBPrescTable                                     C:\Users\zhong\AppData\Local\Temp\arduino_build_599293/core\core.a(system_stm32XXxx.c.o)
                                                  C:\Users\zhong\AppData\Local\Temp\arduino_build_599293/core\core.a(stm32XXxx_hal.c.o)
BusFault_Handler                                  C:\Users\zhong\AppData\Local\Temp\arduino_build_599293/core\core.a(startup_stm32XXXXxe.S.o)
CAN1_RX1_IRQHandler                               C:\Users\zhong\AppData\Local\Temp\arduino_build_599293/core\core.a(startup_stm32XXXXxe.S.o)
CAN1_SCE_IRQHandler                               C:\Users\zhong\AppData\Local\Temp\arduino_build_599293/core\core.a(startup_stm32XXXXxe.S.o)
DDRA                                              C:\Users\zhong\AppData\Local\Temp\arduino_build_599293/core\core.a(stm32_gpio.cpp.o)
DDRB                                              C:\Users\zhong\AppData\Local\Temp\arduino_build_599293/core\core.a(stm32_gpio.cpp.o)
DDRC                                              C:\Users\zhong\AppData\Local\Temp\arduino_build_599293/core\core.a(stm32_gpio.cpp.o)
DDRD                                              C:\Users\zhong\AppData\Local\Temp\arduino_build_599293/core\core.a(stm32_gpio.cpp.o)
DDRE                                              C:\Users\zhong\AppData\Local\Temp\arduino_build_599293/core\core.a(stm32_gpio.cpp.o)
DMA1_Channel1_IRQHandler                          C:\Users\zhong\AppData\Local\Temp\arduino_build_599293/core\core.a(startup_stm32XXXXxe.S.o)
DMA1_Channel2_IRQHandler                          C:\Users\zhong\AppData\Local\Temp\arduino_build_599293/core\core.a(startup_stm32XXXXxe.S.o)
DMA1_Channel3_IRQHandler                          C:\Users\zhong\AppData\Local\Temp\arduino_build_599293/core\core.a(startup_stm32XXXXxe.S.o)
DMA1_Channel4_IRQHandler                          C:\Users\zhong\AppData\Local\Temp\arduino_build_599293/core\core.a(startup_stm32XXXXxe.S.o)
DMA1_Channel5_IRQHandler                          C:\Users\zhong\AppData\Local\Temp\arduino_build_599293/core\core.a(startup_stm32XXXXxe.S.o)
DMA1_Channel6_IRQHandler                          C:\Users\zhong\AppData\Local\Temp\arduino_build_599293/core\core.a(startup_stm32XXXXxe.S.o)
DMA1_Channel7_IRQHandler                          C:\Users\zhong\AppData\Local\Temp\arduino_build_599293/core\core.a(startup_stm32XXXXxe.S.o)
DebugMon_Handler                                  C:\Users\zhong\AppData\Local\Temp\arduino_build_599293/core\core.a(startup_stm32XXXXxe.S.o)
Default_Handler                                   C:\Users\zhong\AppData\Local\Temp\arduino_build_599293/core\core.a(startup_stm32XXXXxe.S.o)
EXTI0_IRQHandler                                  C:\Users\zhong\AppData\Local\Temp\arduino_build_599293/core\core.a(startup_stm32XXXXxe.S.o)
EXTI15_10_IRQHandler                              C:\Users\zhong\AppData\Local\Temp\arduino_build_599293/core\core.a(startup_stm32XXXXxe.S.o)
EXTI1_IRQHandler                                  C:\Users\zhong\AppData\Local\Temp\arduino_build_599293/core\core.a(startup_stm32XXXXxe.S.o)
EXTI2_IRQHandler                                  C:\Users\zhong\AppData\Local\Temp\arduino_build_599293/core\core.a(startup_stm32XXXXxe.S.o)
EXTI3_IRQHandler                                  C:\Users\zhong\AppData\Local\Temp\arduino_build_599293/core\core.a(startup_stm32XXXXxe.S.o)
EXTI4_IRQHandler                                  C:\Users\zhong\AppData\Local\Temp\arduino_build_599293/core\core.a(startup_stm32XXXXxe.S.o)
EXTI9_5_IRQHandler                                C:\Users\zhong\AppData\Local\Temp\arduino_build_599293/core\core.a(startup_stm32XXXXxe.S.o)
Error_Handler                                     C:\Users\zhong\AppData\Local\Temp\arduino_build_599293/core\core.a(hooks.c.o)
FLASH_IRQHandler                                  C:\Users\zhong\AppData\Local\Temp\arduino_build_599293/core\core.a(startup_stm32XXXXxe.S.o)
FLASH_PageErase                                   C:\Users\zhong\AppData\Local\Temp\arduino_build_599293/core\core.a(stm32XXxx_hal_ex.c.o)
                                                  C:\Users\zhong\AppData\Local\Temp\arduino_build_599293/core\core.a(stm32XXxx_hal.c.o)
FLASH_WaitForLastOperation                        C:\Users\zhong\AppData\Local\Temp\arduino_build_599293/core\core.a(stm32XXxx_hal.c.o)
                                                  C:\Users\zhong\AppData\Local\Temp\arduino_build_599293/core\core.a(stm32XXxx_hal_ex.c.o)
HAL_ADCEx_Calibration_Start                       C:\Users\zhong\AppData\Local\Temp\arduino_build_599293/core\core.a(stm32XXxx_hal_ex.c.o)
HAL_ADCEx_InjectedConfigChannel                   C:\Users\zhong\AppData\Local\Temp\arduino_build_599293/core\core.a(stm32XXxx_hal_ex.c.o)
HAL_ADCEx_InjectedConvCpltCallback                C:\Users\zhong\AppData\Local\Temp\arduino_build_599293/core\core.a(stm32XXxx_hal_ex.c.o)
                                                  C:\Users\zhong\AppData\Local\Temp\arduino_build_599293/core\core.a(stm32XXxx_hal.c.o)
HAL_ADCEx_InjectedGetValue                        C:\Users\zhong\AppData\Local\Temp\arduino_build_599293/core\core.a(stm32XXxx_hal_ex.c.o)
HAL_ADCEx_InjectedPollForConversion               C:\Users\zhong\AppData\Local\Temp\arduino_build_599293/core\core.a(stm32XXxx_hal_ex.c.o)
HAL_ADCEx_InjectedStart                           C:\Users\zhong\AppData\Local\Temp\arduino_build_599293/core\core.a(stm32XXxx_hal_ex.c.o)
HAL_ADCEx_InjectedStart_IT                        C:\Users\zhong\AppData\Local\Temp\arduino_build_599293/core\core.a(stm32XXxx_hal_ex.c.o)
HAL_ADCEx_InjectedStop                            C:\Users\zhong\AppData\Local\Temp\arduino_build_599293/core\core.a(stm32XXxx_hal_ex.c.o)
HAL_ADCEx_InjectedStop_IT                         C:\Users\zhong\AppData\Local\Temp\arduino_build_599293/core\core.a(stm32XXxx_hal_ex.c.o)
HAL_ADCEx_MultiModeConfigChannel                  C:\Users\zhong\AppData\Local\Temp\arduino_build_599293/core\core.a(stm32XXxx_hal_ex.c.o)
HAL_ADCEx_MultiModeGetValue                       C:\Users\zhong\AppData\Local\Temp\arduino_build_599293/core\core.a(stm32XXxx_hal_ex.c.o)
HAL_ADCEx_MultiModeStart_DMA                      C:\Users\zhong\AppData\Local\Temp\arduino_build_599293/core\core.a(stm32XXxx_hal_ex.c.o)
HAL_ADCEx_MultiModeStop_DMA                       C:\Users\zhong\AppData\Local\Temp\arduino_build_599293/core\core.a(stm32XXxx_hal_ex.c.o)
HAL_ADC_AnalogWDGConfig                           C:\Users\zhong\AppData\Local\Temp\arduino_build_599293/core\core.a(stm32XXxx_hal.c.o)
HAL_ADC_ConfigChannel                             C:\Users\zhong\AppData\Local\Temp\arduino_build_599293/core\core.a(stm32XXxx_hal.c.o)
HAL_ADC_ConvCpltCallback                          C:\Users\zhong\AppData\Local\Temp\arduino_build_599293/core\core.a(stm32XXxx_hal.c.o)
HAL_ADC_ConvHalfCpltCallback                      C:\Users\zhong\AppData\Local\Temp\arduino_build_599293/core\core.a(stm32XXxx_hal.c.o)
HAL_ADC_DeInit                                    C:\Users\zhong\AppData\Local\Temp\arduino_build_599293/core\core.a(stm32XXxx_hal.c.o)
HAL_ADC_ErrorCallback                             C:\Users\zhong\AppData\Local\Temp\arduino_build_599293/core\core.a(stm32XXxx_hal.c.o)
HAL_ADC_GetError                                  C:\Users\zhong\AppData\Local\Temp\arduino_build_599293/core\core.a(stm32XXxx_hal.c.o)
HAL_ADC_GetState                                  C:\Users\zhong\AppData\Local\Temp\arduino_build_599293/core\core.a(stm32XXxx_hal.c.o)
HAL_ADC_GetValue                                  C:\Users\zhong\AppData\Local\Temp\arduino_build_599293/core\core.a(stm32XXxx_hal.c.o)
HAL_ADC_IRQHandler                                C:\Users\zhong\AppData\Local\Temp\arduino_build_599293/core\core.a(stm32XXxx_hal.c.o)
HAL_ADC_Init                                      C:\Users\zhong\AppData\Local\Temp\arduino_build_599293/core\core.a(stm32XXxx_hal.c.o)
HAL_ADC_LevelOutOfWindowCallback                  C:\Users\zhong\AppData\Local\Temp\arduino_build_599293/core\core.a(stm32XXxx_hal.c.o)
HAL_ADC_MspDeInit                                 C:\Users\zhong\AppData\Local\Temp\arduino_build_599293/core\core.a(stm32XXxx_hal.c.o)
HAL_ADC_MspInit                                   C:\Users\zhong\AppData\Local\Temp\arduino_build_599293/core\core.a(stm32XXxx_hal.c.o)
HAL_ADC_PollForConversion                         C:\Users\zhong\AppData\Local\Temp\arduino_build_599293/core\core.a(stm32XXxx_hal.c.o)
HAL_ADC_PollForEvent                              C:\Users\zhong\AppData\Local\Temp\arduino_build_599293/core\core.a(stm32XXxx_hal.c.o)
HAL_ADC_Start                                     C:\Users\zhong\AppData\Local\Temp\arduino_build_599293/core\core.a(stm32XXxx_hal.c.o)
HAL_ADC_Start_DMA                                 C:\Users\zhong\AppData\Local\Temp\arduino_build_599293/core\core.a(stm32XXxx_hal.c.o)
HAL_ADC_Start_IT                                  C:\Users\zhong\AppData\Local\Temp\arduino_build_599293/core\core.a(stm32XXxx_hal.c.o)
HAL_ADC_Stop                                      C:\Users\zhong\AppData\Local\Temp\arduino_build_599293/core\core.a(stm32XXxx_hal.c.o)
HAL_ADC_Stop_DMA                                  C:\Users\zhong\AppData\Local\Temp\arduino_build_599293/core\core.a(stm32XXxx_hal.c.o)
HAL_ADC_Stop_IT                                   C:\Users\zhong\AppData\Local\Temp\arduino_build_599293/core\core.a(stm32XXxx_hal.c.o)
HAL_CAN_ConfigFilter                              C:\Users\zhong\AppData\Local\Temp\arduino_build_599293/core\core.a(stm32XXxx_hal.c.o)
HAL_CAN_DeInit                                    C:\Users\zhong\AppData\Local\Temp\arduino_build_599293/core\core.a(stm32XXxx_hal.c.o)
HAL_CAN_ErrorCallback                             C:\Users\zhong\AppData\Local\Temp\arduino_build_599293/core\core.a(stm32XXxx_hal.c.o)
HAL_CAN_GetError                                  C:\Users\zhong\AppData\Local\Temp\arduino_build_599293/core\core.a(stm32XXxx_hal.c.o)
HAL_CAN_GetState                                  C:\Users\zhong\AppData\Local\Temp\arduino_build_599293/core\core.a(stm32XXxx_hal.c.o)
HAL_CAN_IRQHandler                                C:\Users\zhong\AppData\Local\Temp\arduino_build_599293/core\core.a(stm32XXxx_hal.c.o)
HAL_CAN_Init                                      C:\Users\zhong\AppData\Local\Temp\arduino_build_599293/core\core.a(stm32XXxx_hal.c.o)
HAL_CAN_MspDeInit                                 C:\Users\zhong\AppData\Local\Temp\arduino_build_599293/core\core.a(stm32XXxx_hal.c.o)
HAL_CAN_MspInit                                   C:\Users\zhong\AppData\Local\Temp\arduino_build_599293/core\core.a(stm32XXxx_hal.c.o)
HAL_CAN_Receive                                   C:\Users\zhong\AppData\Local\Temp\arduino_build_599293/core\core.a(stm32XXxx_hal.c.o)
HAL_CAN_Receive_IT                                C:\Users\zhong\AppData\Local\Temp\arduino_build_599293/core\core.a(stm32XXxx_hal.c.o)
HAL_CAN_RxCpltCallback                            C:\Users\zhong\AppData\Local\Temp\arduino_build_599293/core\core.a(stm32XXxx_hal.c.o)
HAL_CAN_Sleep                                     C:\Users\zhong\AppData\Local\Temp\arduino_build_599293/core\core.a(stm32XXxx_hal.c.o)
HAL_CAN_Transmit                                  C:\Users\zhong\AppData\Local\Temp\arduino_build_599293/core\core.a(stm32XXxx_hal.c.o)
HAL_CAN_Transmit_IT                               C:\Users\zhong\AppData\Local\Temp\arduino_build_599293/core\core.a(stm32XXxx_hal.c.o)